Component: ARM Compiler 5.06 update 5 (build 528) Tool: armlink [4d35e2]

==============================================================================

Section Cross References

    stm32f1xx_hal_rcc_ex.o(i.HAL_RCCEx_GetPeriphCLKFreq) refers to stm32f1xx_hal_rcc.o(i.HAL_RCC_GetPCLK2Freq) for HAL_RCC_GetPCLK2Freq
    stm32f1xx_hal_rcc_ex.o(i.HAL_RCCEx_PeriphCLKConfig) refers to stm32f1xx_hal.o(i.HAL_GetTick) for HAL_GetTick
    stm32f1xx_hal_rcc.o(i.HAL_RCC_ClockConfig) refers to stm32f1xx_hal.o(i.HAL_GetTick) for HAL_GetTick
    stm32f1xx_hal_rcc.o(i.HAL_RCC_ClockConfig) refers to stm32f1xx_hal_rcc.o(i.HAL_RCC_GetSysClockFreq) for HAL_RCC_GetSysClockFreq
    stm32f1xx_hal_rcc.o(i.HAL_RCC_ClockConfig) refers to stm32f1xx_hal.o(i.HAL_InitTick) for HAL_InitTick
    stm32f1xx_hal_rcc.o(i.HAL_RCC_ClockConfig) refers to system_stm32f1xx.o(.constdata) for AHBPrescTable
    stm32f1xx_hal_rcc.o(i.HAL_RCC_ClockConfig) refers to system_stm32f1xx.o(.data) for SystemCoreClock
    stm32f1xx_hal_rcc.o(i.HAL_RCC_DeInit) refers to system_stm32f1xx.o(.data) for SystemCoreClock
    stm32f1xx_hal_rcc.o(i.HAL_RCC_GetHCLKFreq) refers to system_stm32f1xx.o(.data) for SystemCoreClock
    stm32f1xx_hal_rcc.o(i.HAL_RCC_GetPCLK1Freq) refers to system_stm32f1xx.o(.data) for SystemCoreClock
    stm32f1xx_hal_rcc.o(i.HAL_RCC_GetPCLK1Freq) refers to system_stm32f1xx.o(.constdata) for APBPrescTable
    stm32f1xx_hal_rcc.o(i.HAL_RCC_GetPCLK2Freq) refers to system_stm32f1xx.o(.data) for SystemCoreClock
    stm32f1xx_hal_rcc.o(i.HAL_RCC_GetPCLK2Freq) refers to system_stm32f1xx.o(.constdata) for APBPrescTable
    stm32f1xx_hal_rcc.o(i.HAL_RCC_MCOConfig) refers to stm32f1xx_hal_gpio.o(i.HAL_GPIO_Init) for HAL_GPIO_Init
    stm32f1xx_hal_rcc.o(i.HAL_RCC_NMI_IRQHandler) refers to stm32f1xx_hal_rcc.o(i.HAL_RCC_CSSCallback) for HAL_RCC_CSSCallback
    stm32f1xx_hal_rcc.o(i.HAL_RCC_OscConfig) refers to stm32f1xx_hal.o(i.HAL_GetTick) for HAL_GetTick
    stm32f1xx_hal_rcc.o(i.HAL_RCC_OscConfig) refers to system_stm32f1xx.o(.data) for SystemCoreClock
    stm32f1xx_hal_cortex.o(i.HAL_NVIC_SetPriority) refers to stm32f1xx_hal_cortex.o(i.NVIC_SetPriority) for NVIC_SetPriority
    stm32f1xx_hal_cortex.o(i.HAL_SYSTICK_Config) refers to stm32f1xx_hal_cortex.o(i.NVIC_SetPriority) for NVIC_SetPriority
    stm32f1xx_hal_cortex.o(i.HAL_SYSTICK_IRQHandler) refers to stm32f1xx_hal_cortex.o(i.HAL_SYSTICK_Callback) for HAL_SYSTICK_Callback
    stm32f1xx_hal_flash.o(i.FLASH_Program_HalfWord) refers to stm32f1xx_hal_flash.o(.bss) for .bss
    stm32f1xx_hal_flash.o(i.FLASH_SetErrorCode) refers to stm32f1xx_hal_flash.o(.bss) for .bss
    stm32f1xx_hal_flash.o(i.FLASH_WaitForLastOperation) refers to stm32f1xx_hal.o(i.HAL_GetTick) for HAL_GetTick
    stm32f1xx_hal_flash.o(i.FLASH_WaitForLastOperation) refers to stm32f1xx_hal_flash.o(i.FLASH_SetErrorCode) for FLASH_SetErrorCode
    stm32f1xx_hal_flash.o(i.HAL_FLASH_GetError) refers to stm32f1xx_hal_flash.o(.bss) for .bss
    stm32f1xx_hal_flash.o(i.HAL_FLASH_IRQHandler) refers to stm32f1xx_hal_flash.o(i.FLASH_SetErrorCode) for FLASH_SetErrorCode
    stm32f1xx_hal_flash.o(i.HAL_FLASH_IRQHandler) refers to stm32f1xx_hal_flash.o(i.HAL_FLASH_OperationErrorCallback) for HAL_FLASH_OperationErrorCallback
    stm32f1xx_hal_flash.o(i.HAL_FLASH_IRQHandler) refers to stm32f1xx_hal_flash.o(i.FLASH_Program_HalfWord) for FLASH_Program_HalfWord
    stm32f1xx_hal_flash.o(i.HAL_FLASH_IRQHandler) refers to stm32f1xx_hal_flash.o(i.HAL_FLASH_EndOfOperationCallback) for HAL_FLASH_EndOfOperationCallback
    stm32f1xx_hal_flash.o(i.HAL_FLASH_IRQHandler) refers to stm32f1xx_hal_flash_ex.o(i.FLASH_PageErase) for FLASH_PageErase
    stm32f1xx_hal_flash.o(i.HAL_FLASH_IRQHandler) refers to stm32f1xx_hal_flash.o(.bss) for .bss
    stm32f1xx_hal_flash.o(i.HAL_FLASH_OB_Launch) refers to stm32f1xx_hal_cortex.o(i.HAL_NVIC_SystemReset) for HAL_NVIC_SystemReset
    stm32f1xx_hal_flash.o(i.HAL_FLASH_Program) refers to stm32f1xx_hal_flash.o(i.FLASH_WaitForLastOperation) for FLASH_WaitForLastOperation
    stm32f1xx_hal_flash.o(i.HAL_FLASH_Program) refers to llushr.o(.text) for __aeabi_llsr
    stm32f1xx_hal_flash.o(i.HAL_FLASH_Program) refers to stm32f1xx_hal_flash.o(i.FLASH_Program_HalfWord) for FLASH_Program_HalfWord
    stm32f1xx_hal_flash.o(i.HAL_FLASH_Program) refers to stm32f1xx_hal_flash.o(.bss) for .bss
    stm32f1xx_hal_flash.o(i.HAL_FLASH_Program_IT) refers to stm32f1xx_hal_flash.o(i.FLASH_Program_HalfWord) for FLASH_Program_HalfWord
    stm32f1xx_hal_flash.o(i.HAL_FLASH_Program_IT) refers to stm32f1xx_hal_flash.o(.bss) for .bss
    stm32f1xx_hal.o(i.HAL_DeInit) refers to stm32f1xx_hal.o(i.HAL_MspDeInit) for HAL_MspDeInit
    stm32f1xx_hal.o(i.HAL_Delay) refers to stm32f1xx_hal.o(i.HAL_GetTick) for HAL_GetTick
    stm32f1xx_hal.o(i.HAL_GetTick) refers to stm32f1xx_hal.o(.data) for .data
    stm32f1xx_hal.o(i.HAL_IncTick) refers to stm32f1xx_hal.o(.data) for .data
[...]
    Removing main.o(i._Error_Handler), (2 bytes).
    Removing main.o(.data), (4 bytes).
    Removing main.o(.data), (4 bytes).
    Removing main.o(.data), (4 bytes).
    Removing main.o(.data), (4 bytes).
    Removing main.o(.data), (1 bytes).
    Removing main.o(.data), (1 bytes).
    Removing stm32f1xx_hal_msp.o(.rev16_text), (4 bytes).
    Removing stm32f1xx_hal_msp.o(.revsh_text), (4 bytes).
    Removing stm32f1xx_hal_msp.o(.rrx_text), (6 bytes).
    Removing stm32f1xx_hal_msp.o(i.HAL_I2C_MspDeInit), (68 bytes).
    Removing stm32f1xx_hal_msp.o(i.HAL_UART_MspDeInit), (84 bytes).
    Removing stm32f1xx_it.o(.rev16_text), (4 bytes).
    Removing stm32f1xx_it.o(.revsh_text), (4 bytes).
    Removing stm32f1xx_it.o(.rrx_text), (6 bytes).
    Removing mpu6050.o(.rev16_text), (4 bytes).
    Removing mpu6050.o(.revsh_text), (4 bytes).
    Removing mpu6050.o(.rrx_text), (6 bytes).
    Removing bmp280.o(.rev16_text), (4 bytes).
    Removing bmp280.o(.revsh_text), (4 bytes).
    Removing bmp280.o(.rrx_text), (6 bytes).
    Removing bmp280.o(i.bmp280_get_id), (66 bytes).
    Removing bmp280.o(i.bmp280_read_pressure), (460 bytes).
    Removing bmp280.o(i.bmp280_read_temperature), (156 bytes).
    Removing util.o(.rev16_text), (4 bytes).
    Removing util.o(.revsh_text), (4 bytes).
    Removing util.o(.rrx_text), (6 bytes).
    Removing util.o(i.read32), (4 bytes).
    Removing util.o(i.read8), (10 bytes).
    Removing util.o(i.uread32), (58 bytes).
    Removing util.o(i.uread8), (42 bytes).
    Removing hal_gps.o(.rev16_text), (4 bytes).
    Removing hal_gps.o(.revsh_text), (4 bytes).
    Removing hal_gps.o(.rrx_text), (6 bytes).
    Removing hal_gps.o(i.calculate_checksum), (4 bytes).
    Removing hal_gps.o(i.checksum), (4 bytes).
    Removing hal_gps.o(i.knot_2_km_h), (40 bytes).
    Removing hal_gps.o(i.print_data), (2 bytes).
    Removing hal_gps.o(i.print_raw_data), (28 bytes).
    Removing system_stm32f1xx.o(.rev16_text), (4 bytes).
    Removing system_stm32f1xx.o(.revsh_text), (4 bytes).
    Removing system_stm32f1xx.o(.rrx_text), (6 bytes).
    Removing system_stm32f1xx.o(i.SystemCoreClockUpdate), (104 bytes).
    Removing startup_stm32f103xb.o(HEAP), (512 bytes).
    Removing fscalb.o(.text), (24 bytes).
    Removing ffltl.o(.text), (44 bytes).
    Removing cdcmple.o(.text), (48 bytes).

292 unused section(s) (total 19116 bytes) removed from the image.

==============================================================================

Image Symbol Table

    Local Symbols

    Symbol Name                              Value     Ov Type        Size  Object(Section)

    ../Drivers/STM32F1xx_HAL_Driver/Src/stm32f1xx_hal.c 0x00000000   Number         0  stm32f1xx_hal.o ABSOLUTE
    ../Drivers/STM32F1xx_HAL_Driver/Src/stm32f1xx_hal_cortex.c 0x00000000   Number         0  stm32f1xx_hal_cortex.o ABSOLUTE
    ../Drivers/STM32F1xx_HAL_Driver/Src/stm32f1xx_hal_dma.c 0x00000000   Number         0  stm32f1xx_hal_dma.o ABSOLUTE
    ../Drivers/STM32F1xx_HAL_Driver/Src/stm32f1xx_hal_flash.c 0x00000000   Number         0  stm32f1xx_hal_flash.o ABSOLUTE
    ../Drivers/STM32F1xx_HAL_Driver/Src/stm32f1xx_hal_flash_ex.c 0x00000000   Number         0  stm32f1xx_hal_flash_ex.o ABSOLUTE
    ../Drivers/STM32F1xx_HAL_Driver/Src/stm32f1xx_hal_gpio.c 0x00000000   Number         0  stm32f1xx_hal_gpio.o ABSOLUTE
    ../Drivers/STM32F1xx_HAL_Driver/Src/stm32f1xx_hal_gpio_ex.c 0x00000000   Number         0  stm32f1xx_hal_gpio_ex.o ABSOLUTE
    ../Drivers/STM32F1xx_HAL_Driver/Src/stm32f1xx_hal_i2c.c 0x00000000   Number         0  stm32f1xx_hal_i2c.o ABSOLUTE
    ../Drivers/STM32F1xx_HAL_Driver/Src/stm32f1xx_hal_pwr.c 0x00000000   Number         0  stm32f1xx_hal_pwr.o ABSOLUTE
    ../Drivers/STM32F1xx_HAL_Driver/Src/stm32f1xx_hal_rcc.c 0x00000000   Number         0  stm32f1xx_hal_rcc.o ABSOLUTE
    ../Drivers/STM32F1xx_HAL_Driver/Src/stm32f1xx_hal_rcc_ex.c 0x00000000   Number         0  stm32f1xx_hal_rcc_ex.o ABSOLUTE
    ../Drivers/STM32F1xx_HAL_Driver/Src/stm32f1xx_hal_tim.c 0x00000000   Number         0  stm32f1xx_hal_tim.o ABSOLUTE
    ../Drivers/STM32F1xx_HAL_Driver/Src/stm32f1xx_hal_tim_ex.c 0x00000000   Number         0  stm32f1xx_hal_tim_ex.o ABSOLUTE
    ../Drivers/STM32F1xx_HAL_Driver/Src/stm32f1xx_hal_uart.c 0x00000000   Number         0  stm32f1xx_hal_uart.o ABSOLUTE
    ../Src/main.c                            0x00000000   Number         0  main.o ABSOLUTE
    ../Src/stm32f1xx_hal_msp.c               0x00000000   Number         0  stm32f1xx_hal_msp.o ABSOLUTE
    ../Src/stm32f1xx_it.c                    0x00000000   Number         0  stm32f1xx_it.o ABSOLUTE
    ../Src/system_stm32f1xx.c                0x00000000   Number         0  system_stm32f1xx.o ABSOLUTE
    ../clib/microlib/ctype/ctype.c           0x00000000   Number         0  isprint_o.o ABSOLUTE
    ../clib/microlib/ctype/ctype.c           0x00000000   Number         0  isgraph_o.o ABSOLUTE
    ../clib/microlib/ctype/ctype.c           0x00000000   Number         0  isdigit_o.o ABSOLUTE
    ../clib/microlib/ctype/ctype.c           0x00000000   Number         0  islower_o.o ABSOLUTE
    ../clib/microlib/ctype/ctype.c           0x00000000   Number         0  iscntrl_o.o ABSOLUTE
    ../clib/microlib/ctype/ctype.c           0x00000000   Number         0  isblank_o.o ABSOLUTE
    ../clib/microlib/ctype/ctype.c           0x00000000   Number         0  isalpha_o.o ABSOLUTE
    ../clib/microlib/ctype/ctype.c           0x00000000   Number         0  isalnum_o.o ABSOLUTE
    ../clib/microlib/ctype/ctype.c           0x00000000   Number         0  ctype_o.o ABSOLUTE
    ../clib/microlib/ctype/ctype.c           0x00000000   Number         0  isspace_c.o ABSOLUTE
    ../clib/microlib/ctype/ctype.c           0x00000000   Number         0  ispunct_o.o ABSOLUTE
    ../clib/microlib/ctype/ctype.c           0x00000000   Number         0  isspace_o.o ABSOLUTE
    ../clib/microlib/ctype/ctype.c           0x00000000   Number         0  isxdigit_o.o ABSOLUTE
    ../clib/microlib/ctype/ctype.c           0x00000000   Number         0  isupper_o.o ABSOLUTE
    ../clib/microlib/ctype/ctype.c           0x00000000   Number         0  ctype_c.o ABSOLUTE
    ../clib/microlib/division.c              0x00000000   Number         0  uldiv.o ABSOLUTE
    ../clib/microlib/division.c              0x00000000   Number         0  ldiv.o ABSOLUTE
    ../clib/microlib/division.c              0x00000000   Number         0  uidiv.o ABSOLUTE
    ../clib/microlib/errno.c                 0x00000000   Number         0  errno.o ABSOLUTE
    ../clib/microlib/init/entry.s            0x00000000   Number         0  entry8a.o ABSOLUTE
    ../clib/microlib/init/entry.s            0x00000000   Number         0  entry8b.o ABSOLUTE
    ../clib/microlib/init/entry.s            0x00000000   Number         0  entry9a.o ABSOLUTE
    ../clib/microlib/init/entry.s            0x00000000   Number         0  entry9b.o ABSOLUTE
    ../clib/microlib/init/entry.s            0x00000000   Number         0  entry2.o ABSOLUTE
    ../clib/microlib/init/entry.s            0x00000000   Number         0  entry10a.o ABSOLUTE
    ../clib/microlib/init/entry.s            0x00000000   Number         0  entry11b.o ABSOLUTE
    ../clib/microlib/init/entry.s            0x00000000   Number         0  entry10b.o ABSOLUTE
    ../clib/microlib/init/entry.s            0x00000000   Number         0  entry11a.o ABSOLUTE
    ../clib/microlib/init/entry.s            0x00000000   Number         0  entry7b.o ABSOLUTE
    ../clib/microlib/init/entry.s            0x00000000   Number         0  entry5.o ABSOLUTE
    ../clib/microlib/init/entry.s            0x00000000   Number         0  entry7a.o ABSOLUTE
    ../clib/microlib/init/entry.s            0x00000000   Number         0  entry.o ABSOLUTE
    ../clib/microlib/longlong.c              0x00000000   Number         0  llshl.o ABSOLUTE
    ../clib/microlib/longlong.c              0x00000000   Number         0  llushr.o ABSOLUTE
    ../clib/microlib/longlong.c              0x00000000   Number         0  llsshr.o ABSOLUTE
    ../clib/microlib/printf/printf.c         0x00000000   Number         0  printf8.o ABSOLUTE
    ../clib/microlib/printf/printf.c         0x00000000   Number         0  printf7.o ABSOLUTE
    ../clib/microlib/printf/printf.c         0x00000000   Number         0  printf5.o ABSOLUTE
    ../clib/microlib/printf/printf.c         0x00000000   Number         0  printf6.o ABSOLUTE
    ../clib/microlib/printf/printf.c         0x00000000   Number         0  printf4.o ABSOLUTE
    ../clib/microlib/printf/printf.c         0x00000000   Number         0  printf3.o ABSOLUTE
    ../clib/microlib/printf/printf.c         0x00000000   Number         0  printf2.o ABSOLUTE
    ../clib/microlib/printf/printf.c         0x00000000   Number         0  printfa.o ABSOLUTE
    ../clib/microlib/printf/printf.c         0x00000000   Number         0  printf1.o ABSOLUTE
    ../clib/microlib/printf/printf.c         0x00000000   Number         0  printf0.o ABSOLUTE
    ../clib/microlib/printf/printf.c         0x00000000   Number         0  printfb.o ABSOLUTE
    ../clib/microlib/printf/stubs.s          0x00000000   Number         0  stubs.o ABSOLUTE
    ../clib/microlib/stdio/fputc.c           0x00000000   Number         0  fputc.o ABSOLUTE
    ../clib/microlib/stdio/semi.s            0x00000000   Number         0  semi.o ABSOLUTE
    ../clib/microlib/stdio/streams.c         0x00000000   Number         0  stdout.o ABSOLUTE
    ../clib/microlib/string/memset.c         0x00000000   Number         0  memseta.o ABSOLUTE
    ../clib/microlib/string/strcat.c         0x00000000   Number         0  strcat.o ABSOLUTE
    ../clib/microlib/string/strcmp.c         0x00000000   Number         0  strcmp.o ABSOLUTE
    ../clib/microlib/string/strcpy.c         0x00000000   Number         0  strcpy.o ABSOLUTE
    ../clib/microlib/string/strlen.c         0x00000000   Number         0  strlen.o ABSOLUTE
    ../clib/microlib/string/strstr.c         0x00000000   Number         0  strstr.o ABSOLUTE
    ../clib/microlib/string/strtok.c         0x00000000   Number         0  strtok_r.o ABSOLUTE
    ../clib/microlib/string/strtok.c         0x00000000   Number         0  strtok.o ABSOLUTE
    ../clib/microlib/stubs.s                 0x00000000   Number         0  iusefp.o ABSOLUTE
    ../clib/microlib/stubs.s                 0x00000000   Number         0  iusesemip.o ABSOLUTE
    ../clib/scanf.c                          0x00000000   Number         0  _sgetc.o ABSOLUTE
    ../clib/scanf.c                          0x00000000   Number         0  strtol.o ABSOLUTE
    ../clib/scanf.c                          0x00000000   Number         0  strtod.o ABSOLUTE
    ../clib/scanf.c                          0x00000000   Number         0  _strtoul.o ABSOLUTE
    ../clib/scanf.c                          0x00000000   Number         0  _chval.o ABSOLUTE
    ../clib/scanf.c                          0x00000000   Number         0  atoi.o ABSOLUTE
    ../clib/scanf.c                          0x00000000   Number         0  scanf_fp.o ABSOLUTE
    ../fplib/microlib/d2f.c                  0x00000000   Number         0  d2f.o ABSOLUTE
    ../fplib/microlib/f2d.c                  0x00000000   Number         0  f2d.o ABSOLUTE
    ../fplib/microlib/fpadd.c                0x00000000   Number         0  dadd.o ABSOLUTE
    ../fplib/microlib/fpadd.c                0x00000000   Number         0  fadd.o ABSOLUTE
    ../fplib/microlib/fpdiv.c                0x00000000   Number         0  ddiv.o ABSOLUTE
    ../fplib/microlib/fpdiv.c                0x00000000   Number         0  fdiv.o ABSOLUTE
    ../fplib/microlib/fpepilogue.c           0x00000000   Number         0  depilogue.o ABSOLUTE
    ../fplib/microlib/fpepilogue.c           0x00000000   Number         0  fepilogue.o ABSOLUTE
    ../fplib/microlib/fpfix.c                0x00000000   Number         0  ffixi.o ABSOLUTE
    ../fplib/microlib/fpfix.c                0x00000000   Number         0  dfixul.o ABSOLUTE
    ../fplib/microlib/fpflt.c                0x00000000   Number         0  dfltul.o ABSOLUTE
    ../fplib/microlib/fpflt.c                0x00000000   Number         0  ffltl.o ABSOLUTE
    ../fplib/microlib/fpflt.c                0x00000000   Number         0  dflti.o ABSOLUTE
    ../fplib/microlib/fpflt.c                0x00000000   Number         0  fflti.o ABSOLUTE
    ../fplib/microlib/fpmul.c                0x00000000   Number         0  fmul.o ABSOLUTE
    ../fplib/microlib/fpmul.c                0x00000000   Number         0  dmul.o ABSOLUTE
    ../fplib/microlib/fpscalb.c              0x00000000   Number         0  fscalb.o ABSOLUTE
    ../fplib/microlib/fpscalb.c              0x00000000   Number         0  dscalb.o ABSOLUTE
    ../fplib/microlib/fpsqrt.c               0x00000000   Number         0  dsqrt.o ABSOLUTE
    ../mathlib/atan.c                        0x00000000   Number         0  atan.o ABSOLUTE
    ../mathlib/atan.c                        0x00000000   Number         0  atan_x.o ABSOLUTE
    ../mathlib/atan2.c                       0x00000000   Number         0  atan2.o ABSOLUTE
    ../mathlib/atan2.c                       0x00000000   Number         0  atan2_x.o ABSOLUTE
    ../mathlib/atof.c                        0x00000000   Number         0  atof.o ABSOLUTE
    ../mathlib/dunder.c                      0x00000000   Number         0  dunder.o ABSOLUTE
    ../mathlib/fpclassify.c                  0x00000000   Number         0  fpclassify.o ABSOLUTE
    ../mathlib/poly.c                        0x00000000   Number         0  poly.o ABSOLUTE
    ../mathlib/qnan.c                        0x00000000   Number         0  qnan.o ABSOLUTE
    ../mathlib/sqrt.c                        0x00000000   Number         0  sqrt_x.o ABSOLUTE
    ../mathlib/sqrt.c                        0x00000000   Number         0  sqrt.o ABSOLUTE
    ..\Drivers\STM32F1xx_HAL_Driver\Src\stm32f1xx_hal.c 0x00000000   Number         0  stm32f1xx_hal.o ABSOLUTE
    ..\Drivers\STM32F1xx_HAL_Driver\Src\stm32f1xx_hal_cortex.c 0x00000000   Number         0  stm32f1xx_hal_cortex.o ABSOLUTE
    ..\Drivers\STM32F1xx_HAL_Driver\Src\stm32f1xx_hal_dma.c 0x00000000   Number         0  stm32f1xx_hal_dma.o ABSOLUTE
    ..\Drivers\STM32F1xx_HAL_Driver\Src\stm32f1xx_hal_flash.c 0x00000000   Number         0  stm32f1xx_hal_flash.o ABSOLUTE
    ..\Drivers\STM32F1xx_HAL_Driver\Src\stm32f1xx_hal_flash_ex.c 0x00000000   Number         0  stm32f1xx_hal_flash_ex.o ABSOLUTE
    ..\Drivers\STM32F1xx_HAL_Driver\Src\stm32f1xx_hal_gpio.c 0x00000000   Number         0  stm32f1xx_hal_gpio.o ABSOLUTE
    ..\Drivers\STM32F1xx_HAL_Driver\Src\stm32f1xx_hal_gpio_ex.c 0x00000000   Number         0  stm32f1xx_hal_gpio_ex.o ABSOLUTE
    ..\Drivers\STM32F1xx_HAL_Driver\Src\stm32f1xx_hal_i2c.c 0x00000000   Number         0  stm32f1xx_hal_i2c.o ABSOLUTE
    ..\Drivers\STM32F1xx_HAL_Driver\Src\stm32f1xx_hal_pwr.c 0x00000000   Number         0  stm32f1xx_hal_pwr.o ABSOLUTE
    ..\Drivers\STM32F1xx_HAL_Driver\Src\stm32f1xx_hal_rcc.c 0x00000000   Number         0  stm32f1xx_hal_rcc.o ABSOLUTE
    ..\Drivers\STM32F1xx_HAL_Driver\Src\stm32f1xx_hal_rcc_ex.c 0x00000000   Number         0  stm32f1xx_hal_rcc_ex.o ABSOLUTE
    ..\Drivers\STM32F1xx_HAL_Driver\Src\stm32f1xx_hal_tim.c 0x00000000   Number         0  stm32f1xx_hal_tim.o ABSOLUTE
    ..\Drivers\STM32F1xx_HAL_Driver\Src\stm32f1xx_hal_tim_ex.c 0x00000000   Number         0  stm32f1xx_hal_tim_ex.o ABSOLUTE
    ..\Drivers\STM32F1xx_HAL_Driver\Src\stm32f1xx_hal_uart.c 0x00000000   Number         0  stm32f1xx_hal_uart.o ABSOLUTE
    ..\Src\bmp280.c                          0x00000000   Number         0  bmp280.o ABSOLUTE
    ..\Src\hal_gps.c                         0x00000000   Number         0  hal_gps.o ABSOLUTE
    ..\Src\main.c                            0x00000000   Number         0  main.o ABSOLUTE
    ..\Src\mpu6050.c                         0x00000000   Number         0  mpu6050.o ABSOLUTE
    ..\Src\stm32f1xx_hal_msp.c               0x00000000   Number         0  stm32f1xx_hal_msp.o ABSOLUTE
    ..\Src\stm32f1xx_it.c                    0x00000000   Number         0  stm32f1xx_it.o ABSOLUTE
    ..\Src\system_stm32f1xx.c                0x00000000   Number         0  system_stm32f1xx.o ABSOLUTE
    ..\Src\util.c                            0x00000000   Number         0  util.o ABSOLUTE
    ..\\Src\\bmp280.c                        0x00000000   Number         0  bmp280.o ABSOLUTE
    ..\\Src\\hal_gps.c                       0x00000000   Number         0  hal_gps.o ABSOLUTE
    ..\\Src\\mpu6050.c                       0x00000000   Number         0  mpu6050.o ABSOLUTE
    ..\\Src\\util.c                          0x00000000   Number         0  util.o ABSOLUTE
    cdcmple.s                                0x00000000   Number         0  cdcmple.o ABSOLUTE
    cdrcmple.s                               0x00000000   Number         0  cdrcmple.o ABSOLUTE
    dc.s                                     0x00000000   Number         0  dc.o ABSOLUTE
    handlers.s                               0x00000000   Number         0  handlers.o ABSOLUTE
    init.s                                   0x00000000   Number         0  init.o ABSOLUTE
    startup_stm32f103xb.s                    0x00000000   Number         0  startup_stm32f103xb.o ABSOLUTE
    RESET                                    0x08000000   Section      236  startup_stm32f103xb.o(RESET)
    .ARM.Collect$$$$00000000                 0x080000ec   Section        0  entry.o(.ARM.Collect$$$$00000000)
    .ARM.Collect$$$$00000001                 0x080000ec   Section        4  entry2.o(.ARM.Collect$$$$00000001)
    .ARM.Collect$$$$00000004                 0x080000f0   Section        4  entry5.o(.ARM.Collect$$$$00000004)
    .ARM.Collect$$$$00000008                 0x080000f4   Section        0  entry7b.o(.ARM.Collect$$$$00000008)
    .ARM.Collect$$$$0000000A                 0x080000f4   Section        0  entry8b.o(.ARM.Collect$$$$0000000A)
    .ARM.Collect$$$$0000000B                 0x080000f4   Section        8  entry9a.o(.ARM.Collect$$$$0000000B)
    .ARM.Collect$$$$0000000D                 0x080000fc   Section        0  entry10a.o(.ARM.Collect$$$$0000000D)
    .ARM.Collect$$$$0000000F                 0x080000fc   Section        0  entry11a.o(.ARM.Collect$$$$0000000F)
    .ARM.Collect$$$$00002712                 0x080000fc   Section        4  entry2.o(.ARM.Collect$$$$00002712)
    __lit__00000000                          0x080000fc   Data           4  entry2.o(.ARM.Collect$$$$00002712)
    .text                                    0x08000100   Section       36  startup_stm32f103xb.o(.text)
    .text                                    0x08000124   Section        0  llushr.o(.text)
    .text                                    0x08000144   Section        0  memseta.o(.text)
    .text                                    0x08000168   Section        0  strcat.o(.text)
    .text                                    0x08000180   Section        0  strstr.o(.text)
    .text                                    0x080001a4   Section        0  strlen.o(.text)
    .text                                    0x080001b2   Section        0  strcmp.o(.text)
    .text                                    0x080001ce   Section        0  strcpy.o(.text)
    .text                                    0x080001e0   Section        0  strtok.o(.text)
    .text                                    0x08000224   Section        0  atoi.o(.text)
    .text                                    0x0800023e   Section        0  fadd.o(.text)
    .text                                    0x080002ee   Section        0  fmul.o(.text)
    .text                                    0x08000352   Section        0  fdiv.o(.text)
    .text                                    0x080003ce   Section        0  dmul.o(.text)
    .text                                    0x080004b2   Section        0  ddiv.o(.text)
    .text                                    0x08000590   Section        0  dscalb.o(.text)
    .text                                    0x080005be   Section        0  fflti.o(.text)
    .text                                    0x080005d0   Section        0  dflti.o(.text)
    .text                                    0x080005f2   Section        0  ffixi.o(.text)
    .text                                    0x08000624   Section        0  f2d.o(.text)
    .text                                    0x0800064a   Section        0  d2f.o(.text)
    .text                                    0x08000682   Section        0  uidiv.o(.text)
    .text                                    0x080006ae   Section        0  uldiv.o(.text)
    .text                                    0x08000710   Section        0  strtod.o(.text)
    _local_sscanf                            0x08000711   Thumb Code    54  strtod.o(.text)
    .text                                    0x080007ac   Section        0  strtol.o(.text)
    .text                                    0x0800081c   Section        0  fepilogue.o(.text)
    .text                                    0x0800081c   Section        0  iusefp.o(.text)
    .text                                    0x0800088a   Section        0  depilogue.o(.text)
    .text                                    0x08000944   Section        0  dadd.o(.text)
    .text                                    0x08000a92   Section        0  dsqrt.o(.text)
    .text                                    0x08000b34   Section        0  dfixul.o(.text)
    .text                                    0x08000b64   Section       48  cdrcmple.o(.text)
    .text                                    0x08000b94   Section       36  init.o(.text)
    .text                                    0x08000bb8   Section        0  llshl.o(.text)
    .text                                    0x08000bd6   Section        0  llsshr.o(.text)
    .text                                    0x08000bfc   Section        0  ctype_o.o(.text)
    .text                                    0x08000c04   Section        0  isspace_o.o(.text)
    .text                                    0x08000c18   Section        0  scanf_fp.o(.text)
    _fp_value                                0x08000c19   Thumb Code   296  scanf_fp.o(.text)
    .text                                    0x08000f78   Section        0  _sgetc.o(.text)
    .text                                    0x08000fb8   Section        0  _strtoul.o(.text)
    .text                                    0x08001056   Section        0  _chval.o(.text)
    .text                                    0x08001072   Section        0  dfltul.o(.text)
    i.BusFault_Handler                       0x0800108a   Section        0  stm32f1xx_it.o(i.BusFault_Handler)
    i.DebugMon_Handler                       0x0800108c   Section        0  stm32f1xx_it.o(i.DebugMon_Handler)
    i.HAL_DMA_Abort_IT                       0x08001090   Section        0  stm32f1xx_hal_dma.o(i.HAL_DMA_Abort_IT)
    i.HAL_Delay                              0x08001128   Section        0  stm32f1xx_hal.o(i.HAL_Delay)
    i.HAL_GPIO_Init                          0x08001144   Section        0  stm32f1xx_hal_gpio.o(i.HAL_GPIO_Init)
    i.HAL_GPIO_WritePin                      0x08001300   Section        0  stm32f1xx_hal_gpio.o(i.HAL_GPIO_WritePin)
    i.HAL_GetTick                            0x0800130c   Section        0  stm32f1xx_hal.o(i.HAL_GetTick)
    i.HAL_I2C_Init                           0x08001318   Section        0  stm32f1xx_hal_i2c.o(i.HAL_I2C_Init)
    i.HAL_I2C_Master_Receive                 0x08001420   Section        0  stm32f1xx_hal_i2c.o(i.HAL_I2C_Master_Receive)
    i.HAL_I2C_Master_Transmit                0x08001630   Section        0  stm32f1xx_hal_i2c.o(i.HAL_I2C_Master_Transmit)
    i.HAL_I2C_MspInit                        0x08001768   Section        0  stm32f1xx_hal_msp.o(i.HAL_I2C_MspInit)
    i.HAL_IncTick                            0x080017e4   Section        0  stm32f1xx_hal.o(i.HAL_IncTick)
    i.HAL_Init                               0x080017f4   Section        0  stm32f1xx_hal.o(i.HAL_Init)
    i.HAL_InitTick                           0x08001818   Section        0  stm32f1xx_hal.o(i.HAL_InitTick)
    i.HAL_MspInit                            0x08001840   Section        0  stm32f1xx_hal_msp.o(i.HAL_MspInit)
    i.HAL_NVIC_EnableIRQ                     0x080018c4   Section        0  stm32f1xx_hal_cortex.o(i.HAL_NVIC_EnableIRQ)
    i.HAL_NVIC_SetPriority                   0x080018dc   Section        0  stm32f1xx_hal_cortex.o(i.HAL_NVIC_SetPriority)
    i.HAL_NVIC_SetPriorityGrouping           0x0800191c   Section        0  stm32f1xx_hal_cortex.o(i.HAL_NVIC_SetPriorityGrouping)
    i.HAL_RCC_ClockConfig                    0x08001940   Section        0  stm32f1xx_hal_rcc.o(i.HAL_RCC_ClockConfig)
    i.HAL_RCC_GetHCLKFreq                    0x08001a94   Section        0  stm32f1xx_hal_rcc.o(i.HAL_RCC_GetHCLKFreq)
    i.HAL_RCC_GetPCLK1Freq                   0x08001aa0   Section        0  stm32f1xx_hal_rcc.o(i.HAL_RCC_GetPCLK1Freq)
    i.HAL_RCC_GetPCLK2Freq                   0x08001ac0   Section        0  stm32f1xx_hal_rcc.o(i.HAL_RCC_GetPCLK2Freq)
    i.HAL_RCC_GetSysClockFreq                0x08001ae0   Section        0  stm32f1xx_hal_rcc.o(i.HAL_RCC_GetSysClockFreq)
    i.HAL_RCC_OscConfig                      0x08001b4c   Section        0  stm32f1xx_hal_rcc.o(i.HAL_RCC_OscConfig)
    i.HAL_SYSTICK_CLKSourceConfig            0x08001e50   Section        0  stm32f1xx_hal_cortex.o(i.HAL_SYSTICK_CLKSourceConfig)
    i.HAL_SYSTICK_Callback                   0x08001e68   Section        0  stm32f1xx_hal_cortex.o(i.HAL_SYSTICK_Callback)
    i.HAL_SYSTICK_Config                     0x08001e6a   Section        0  stm32f1xx_hal_cortex.o(i.HAL_SYSTICK_Config)
    i.HAL_SYSTICK_IRQHandler                 0x08001e92   Section        0  stm32f1xx_hal_cortex.o(i.HAL_SYSTICK_IRQHandler)
    i.HAL_UART_ErrorCallback                 0x08001e9a   Section        0  stm32f1xx_hal_uart.o(i.HAL_UART_ErrorCallback)
    i.HAL_UART_IRQHandler                    0x08001e9c   Section        0  stm32f1xx_hal_uart.o(i.HAL_UART_IRQHandler)
    i.HAL_UART_Init                          0x08001fac   Section        0  stm32f1xx_hal_uart.o(i.HAL_UART_Init)
    i.HAL_UART_MspInit                       0x08002010   Section        0  stm32f1xx_hal_msp.o(i.HAL_UART_MspInit)
    i.HAL_UART_Receive                       0x080020c0   Section        0  stm32f1xx_hal_uart.o(i.HAL_UART_Receive)
    i.HAL_UART_RxCpltCallback                0x08002178   Section        0  stm32f1xx_hal_uart.o(i.HAL_UART_RxCpltCallback)
    i.HAL_UART_Transmit                      0x0800217a   Section        0  stm32f1xx_hal_uart.o(i.HAL_UART_Transmit)
    i.HAL_UART_TxCpltCallback                0x08002234   Section        0  stm32f1xx_hal_uart.o(i.HAL_UART_TxCpltCallback)
    i.HardFault_Handler                      0x08002236   Section        0  stm32f1xx_it.o(i.HardFault_Handler)
    i.I2C_IsAcknowledgeFailed                0x08002238   Section        0  stm32f1xx_hal_i2c.o(i.I2C_IsAcknowledgeFailed)
    I2C_IsAcknowledgeFailed                  0x08002239   Thumb Code    40  stm32f1xx_hal_i2c.o(i.I2C_IsAcknowledgeFailed)
    i.I2C_MasterRequestRead                  0x08002260   Section        0  stm32f1xx_hal_i2c.o(i.I2C_MasterRequestRead)
    I2C_MasterRequestRead                    0x08002261   Thumb Code   222  stm32f1xx_hal_i2c.o(i.I2C_MasterRequestRead)
    i.I2C_MasterRequestWrite                 0x08002340   Section        0  stm32f1xx_hal_i2c.o(i.I2C_MasterRequestWrite)
    I2C_MasterRequestWrite                   0x08002341   Thumb Code   142  stm32f1xx_hal_i2c.o(i.I2C_MasterRequestWrite)
    i.I2C_WaitOnBTFFlagUntilTimeout          0x080023d4   Section        0  stm32f1xx_hal_i2c.o(i.I2C_WaitOnBTFFlagUntilTimeout)
    I2C_WaitOnBTFFlagUntilTimeout            0x080023d5   Thumb Code    78  stm32f1xx_hal_i2c.o(i.I2C_WaitOnBTFFlagUntilTimeout)
    i.I2C_WaitOnFlagUntilTimeout             0x08002422   Section        0  stm32f1xx_hal_i2c.o(i.I2C_WaitOnFlagUntilTimeout)
    I2C_WaitOnFlagUntilTimeout               0x08002423   Thumb Code    96  stm32f1xx_hal_i2c.o(i.I2C_WaitOnFlagUntilTimeout)
    i.I2C_WaitOnMasterAddressFlagUntilTimeout 0x08002484   Section        0  stm32f1xx_hal_i2c.o(i.I2C_WaitOnMasterAddressFlagUntilTimeout)
    I2C_WaitOnMasterAddressFlagUntilTimeout  0x08002485   Thumb Code   136  stm32f1xx_hal_i2c.o(i.I2C_WaitOnMasterAddressFlagUntilTimeout)
    i.I2C_WaitOnRXNEFlagUntilTimeout         0x0800250c   Section        0  stm32f1xx_hal_i2c.o(i.I2C_WaitOnRXNEFlagUntilTimeout)
    I2C_WaitOnRXNEFlagUntilTimeout           0x0800250d   Thumb Code    98  stm32f1xx_hal_i2c.o(i.I2C_WaitOnRXNEFlagUntilTimeout)
    i.I2C_WaitOnTXEFlagUntilTimeout          0x0800256e   Section        0  stm32f1xx_hal_i2c.o(i.I2C_WaitOnTXEFlagUntilTimeout)
    I2C_WaitOnTXEFlagUntilTimeout            0x0800256f   Thumb Code    78  stm32f1xx_hal_i2c.o(i.I2C_WaitOnTXEFlagUntilTimeout)
    i.MX_GPIO_Init                           0x080025bc   Section        0  main.o(i.MX_GPIO_Init)
    MX_GPIO_Init                             0x080025bd   Thumb Code   156  main.o(i.MX_GPIO_Init)
    i.MX_I2C1_Init                           0x08002668   Section        0  main.o(i.MX_I2C1_Init)
    MX_I2C1_Init                             0x08002669   Thumb Code    44  main.o(i.MX_I2C1_Init)
    i.MX_I2C2_Init                           0x080026a0   Section        0  main.o(i.MX_I2C2_Init)
    MX_I2C2_Init                             0x080026a1   Thumb Code    44  main.o(i.MX_I2C2_Init)
    i.MemManage_Handler                      0x080026d8   Section        0  stm32f1xx_it.o(i.MemManage_Handler)
    i.NMI_Handler                            0x080026da   Section        0  stm32f1xx_it.o(i.NMI_Handler)
    i.NVIC_SetPriority                       0x080026dc   Section        0  stm32f1xx_hal_cortex.o(i.NVIC_SetPriority)
    NVIC_SetPriority                         0x080026dd   Thumb Code    32  stm32f1xx_hal_cortex.o(i.NVIC_SetPriority)
    i.PendSV_Handler                         0x080026fc   Section        0  stm32f1xx_it.o(i.PendSV_Handler)
    i.SVC_Handler                            0x080026fe   Section        0  stm32f1xx_it.o(i.SVC_Handler)
    i.SysTick_Handler                        0x08002700   Section        0  stm32f1xx_it.o(i.SysTick_Handler)
    i.SystemClock_Config                     0x0800270e   Section        0  main.o(i.SystemClock_Config)
    i.SystemInit                             0x08002778   Section        0  system_stm32f1xx.o(i.SystemInit)
    i.UART_DMAAbortOnError                   0x080027c0   Section        0  stm32f1xx_hal_uart.o(i.UART_DMAAbortOnError)
    UART_DMAAbortOnError                     0x080027c1   Thumb Code    16  stm32f1xx_hal_uart.o(i.UART_DMAAbortOnError)
    i.UART_EndRxTransfer                     0x080027d0   Section        0  stm32f1xx_hal_uart.o(i.UART_EndRxTransfer)
    UART_EndRxTransfer                       0x080027d1   Thumb Code    28  stm32f1xx_hal_uart.o(i.UART_EndRxTransfer)
    i.UART_Receive_IT                        0x080027ec   Section        0  stm32f1xx_hal_uart.o(i.UART_Receive_IT)
    UART_Receive_IT                          0x080027ed   Thumb Code   150  stm32f1xx_hal_uart.o(i.UART_Receive_IT)
    i.UART_SetConfig                         0x08002884   Section        0  stm32f1xx_hal_uart.o(i.UART_SetConfig)
    UART_SetConfig                           0x08002885   Thumb Code   364  stm32f1xx_hal_uart.o(i.UART_SetConfig)
    i.UART_Transmit_IT                       0x080029f4   Section        0  stm32f1xx_hal_uart.o(i.UART_Transmit_IT)
    UART_Transmit_IT                         0x080029f5   Thumb Code    98  stm32f1xx_hal_uart.o(i.UART_Transmit_IT)
    i.UART_WaitOnFlagUntilTimeout            0x08002a56   Section        0  stm32f1xx_hal_uart.o(i.UART_WaitOnFlagUntilTimeout)
    UART_WaitOnFlagUntilTimeout              0x08002a57   Thumb Code   100  stm32f1xx_hal_uart.o(i.UART_WaitOnFlagUntilTimeout)
    i.USART1_IRQHandler                      0x08002abc   Section        0  stm32f1xx_it.o(i.USART1_IRQHandler)
    i.USART2_IRQHandler                      0x08002ac8   Section        0  stm32f1xx_it.o(i.USART2_IRQHandler)
    i.UsageFault_Handler                     0x08002ad4   Section        0  stm32f1xx_it.o(i.UsageFault_Handler)
    i.__0sprintf                             0x08002ad8   Section        0  printfa.o(i.__0sprintf)
    i.__ARM_fpclassify                       0x08002b00   Section        0  fpclassify.o(i.__ARM_fpclassify)
    i.__aeabi_errno_addr                     0x08002b28   Section        0  errno.o(i.__aeabi_errno_addr)
    i.__kernel_poly                          0x08002b30   Section        0  poly.o(i.__kernel_poly)
    i.__mathlib_dbl_infnan                   0x08002bda   Section        0  dunder.o(i.__mathlib_dbl_infnan)
    i.__mathlib_dbl_infnan2                  0x08002be0   Section        0  dunder.o(i.__mathlib_dbl_infnan2)
    i.__mathlib_dbl_underflow                0x08002be4   Section        0  dunder.o(i.__mathlib_dbl_underflow)
    i.__read_errno                           0x08002bf4   Section        0  errno.o(i.__read_errno)
    i.__scatterload_copy                     0x08002c00   Section       14  handlers.o(i.__scatterload_copy)
    i.__scatterload_null                     0x08002c0e   Section        2  handlers.o(i.__scatterload_null)
    i.__scatterload_zeroinit                 0x08002c10   Section       14  handlers.o(i.__scatterload_zeroinit)
    i.__set_errno                            0x08002c20   Section        0  errno.o(i.__set_errno)
    i._fp_digits                             0x08002c2c   Section        0  printfa.o(i._fp_digits)
    _fp_digits                               0x08002c2d   Thumb Code   366  printfa.o(i._fp_digits)
    i._is_digit                              0x08002db0   Section        0  scanf_fp.o(i._is_digit)
    i._printf_core                           0x08002dc0   Section        0  printfa.o(i._printf_core)
    _printf_core                             0x08002dc1   Thumb Code  1744  printfa.o(i._printf_core)
    i._printf_post_padding                   0x0800349c   Section        0  printfa.o(i._printf_post_padding)
    _printf_post_padding                     0x0800349d   Thumb Code    36  printfa.o(i._printf_post_padding)
    i._printf_pre_padding                    0x080034c0   Section        0  printfa.o(i._printf_pre_padding)
    _printf_pre_padding                      0x080034c1   Thumb Code    46  printfa.o(i._printf_pre_padding)
    i._sputc                                 0x080034ee   Section        0  printfa.o(i._sputc)
    _sputc                                   0x080034ef   Thumb Code    10  printfa.o(i._sputc)
    i.ac_get_rotation_x                      0x080034f8   Section        0  main.o(i.ac_get_rotation_x)
    i.ac_get_rotation_y                      0x08003538   Section        0  main.o(i.ac_get_rotation_y)
    i.accel_configuration                    0x08003594   Section        0  mpu6050.o(i.accel_configuration)
    i.add_checksum_array                     0x080035d8   Section        0  main.o(i.add_checksum_array)
    i.atan                                   0x0800360c   Section        0  atan.o(i.atan)
    i.atan2                                  0x0800382c   Section        0  atan2.o(i.atan2)
    i.atof                                   0x080039ac   Section        0  atof.o(i.atof)
    i.bmp280_ctrl_meas                       0x080039d6   Section        0  bmp280.o(i.bmp280_ctrl_meas)
    i.bmp280_init                            0x08003a78   Section        0  bmp280.o(i.bmp280_init)
    i.bmp280_read_calib_reg                  0x08003a92   Section        0  bmp280.o(i.bmp280_read_calib_reg)
    i.calculate_checksum_s                   0x08003b2a   Section        0  main.o(i.calculate_checksum_s)
    i.calibration                            0x08003b48   Section        0  mpu6050.o(i.calibration)
    i.format_position                        0x08003ba0   Section        0  hal_gps.o(i.format_position)
    i.get_gps_data                           0x08003bf8   Section        0  hal_gps.o(i.get_gps_data)
    i.gyro_configuration                     0x08003d20   Section        0  mpu6050.o(i.gyro_configuration)
    i.init                                   0x08003d6a   Section        0  mpu6050.o(i.init)
    i.main                                   0x08003dcc   Section        0  main.o(i.main)
    i.read16                                 0x08004100   Section        0  util.o(i.read16)
    i.read_acc                               0x0800410a   Section        0  mpu6050.o(i.read_acc)
    i.read_gyro                              0x0800415e   Section        0  mpu6050.o(i.read_gyro)
    i.read_temperature                       0x080041b4   Section        0  mpu6050.o(i.read_temperature)
    i.sqrt                                   0x08004218   Section        0  sqrt.o(i.sqrt)
    i.uread16                                0x08004264   Section        0  util.o(i.uread16)
    .constdata                               0x08004298   Section       16  system_stm32f1xx.o(.constdata)
    .constdata                               0x080042a8   Section        8  system_stm32f1xx.o(.constdata)
    .constdata                               0x080042b0   Section      152  atan.o(.constdata)
    atanhi                                   0x080042b0   Data          32  atan.o(.constdata)
    atanlo                                   0x080042d0   Data          32  atan.o(.constdata)
    aTodd                                    0x080042f0   Data          40  atan.o(.constdata)
    aTeven                                   0x08004318   Data          48  atan.o(.constdata)
    .constdata                               0x08004348   Section        8  qnan.o(.constdata)
    .constdata                               0x08004350   Section      129  ctype_o.o(.constdata)
    .constdata                               0x080043d4   Section        4  ctype_o.o(.constdata)
    table                                    0x080043d4   Data           4  ctype_o.o(.constdata)
    .conststring                             0x080043d8   Section       20  main.o(.conststring)
    .data                                    0x20000000   Section        4  stm32f1xx_hal.o(.data)
    .data                                    0x20000004   Section       16  main.o(.data)
    .data                                    0x20000014   Section        4  system_stm32f1xx.o(.data)
    .data                                    0x20000018   Section        4  strtok.o(.data)
    state                                    0x20000018   Data           4  strtok.o(.data)
    .data                                    0x2000001c   Section        4  errno.o(.data)
    _errno                                   0x2000001c   Data           4  errno.o(.data)
    .bss                                     0x20000020   Section      380  main.o(.bss)
    STACK                                    0x200001a0   Section     1024  startup_stm32f103xb.o(STACK)

    Global Symbols

    Symbol Name                              Value     Ov Type        Size  Object(Section)

    BuildAttributes$$THM_ISAv4$P$D$K$B$S$PE$A:L22UL41UL21$X:L11$S22US41US21$IEEE1$IW$USESV6$~STKCKD$USESV7$~SHL$OTIME$ROPI$IEEEX$EBA8$MICROLIB$REQ8$PRES8$EABIv2 0x00000000   Number         0  anon$$obj.o ABSOLUTE
    __ARM_use_no_argv                        0x00000000   Number         0  main.o ABSOLUTE
    _printf_a                                0x00000000   Number         0  stubs.o ABSOLUTE
    _printf_c                                0x00000000   Number         0  stubs.o ABSOLUTE
    _printf_charcount                        0x00000000   Number         0  stubs.o ABSOLUTE
    _printf_d                                0x00000000   Number         0  stubs.o ABSOLUTE
    _printf_e                                0x00000000   Number         0  stubs.o ABSOLUTE
    _printf_f                                0x00000000   Number         0  stubs.o ABSOLUTE
    _printf_flags                            0x00000000   Number         0  stubs.o ABSOLUTE
    _printf_fp_dec                           0x00000000   Number         0  stubs.o ABSOLUTE
    _printf_fp_hex                           0x00000000   Number         0  stubs.o ABSOLUTE
    _printf_g                                0x00000000   Number         0  stubs.o ABSOLUTE
    _printf_i                                0x00000000   Number         0  stubs.o ABSOLUTE
    _printf_int_dec                          0x00000000   Number         0  stubs.o ABSOLUTE
    _printf_l                                0x00000000   Number         0  stubs.o ABSOLUTE
    _printf_lc                               0x00000000   Number         0  stubs.o ABSOLUTE
    _printf_ll                               0x00000000   Number         0  stubs.o ABSOLUTE
    _printf_lld                              0x00000000   Number         0  stubs.o ABSOLUTE
    _printf_lli                              0x00000000   Number         0  stubs.o ABSOLUTE
    _printf_llo                              0x00000000   Number         0  stubs.o ABSOLUTE
    _printf_llu                              0x00000000   Number         0  stubs.o ABSOLUTE
    _printf_llx                              0x00000000   Number         0  stubs.o ABSOLUTE
    _printf_longlong_dec                     0x00000000   Number         0  stubs.o ABSOLUTE
    _printf_longlong_hex                     0x00000000   Number         0  stubs.o ABSOLUTE
    _printf_longlong_oct                     0x00000000   Number         0  stubs.o ABSOLUTE
    _printf_ls                               0x00000000   Number         0  stubs.o ABSOLUTE
    _printf_mbtowc                           0x00000000   Number         0  stubs.o ABSOLUTE
    _printf_n                                0x00000000   Number         0  stubs.o ABSOLUTE
    _printf_o                                0x00000000   Number         0  stubs.o ABSOLUTE
    _printf_p                                0x00000000   Number         0  stubs.o ABSOLUTE
    _printf_percent                          0x00000000   Number         0  stubs.o ABSOLUTE
    _printf_pre_padding                      0x00000000   Number         0  stubs.o ABSOLUTE
    _printf_return_value                     0x00000000   Number         0  stubs.o ABSOLUTE
    _printf_s                                0x00000000   Number         0  stubs.o ABSOLUTE
    _printf_sizespec                         0x00000000   Number         0  stubs.o ABSOLUTE
    _printf_str                              0x00000000   Number         0  stubs.o ABSOLUTE
    _printf_truncate_signed                  0x00000000   Number         0  stubs.o ABSOLUTE
    _printf_truncate_unsigned                0x00000000   Number         0  stubs.o ABSOLUTE
    _printf_u                                0x00000000   Number         0  stubs.o ABSOLUTE
    _printf_wc                               0x00000000   Number         0  stubs.o ABSOLUTE
    _printf_wctomb                           0x00000000   Number         0  stubs.o ABSOLUTE
    _printf_widthprec                        0x00000000   Number         0  stubs.o ABSOLUTE
    _printf_x                                0x00000000   Number         0  stubs.o ABSOLUTE
    __cpp_initialize__aeabi_                  - Undefined Weak Reference
    __cxa_finalize                            - Undefined Weak Reference
    __decompress                              - Undefined Weak Reference
    _clock_init                               - Undefined Weak Reference
    _microlib_exit                            - Undefined Weak Reference
    __Vectors_Size                           0x000000ec   Number         0  startup_stm32f103xb.o ABSOLUTE
    __Vectors                                0x08000000   Data           4  startup_stm32f103xb.o(RESET)
    __Vectors_End                            0x080000ec   Data           0  startup_stm32f103xb.o(RESET)
    __main                                   0x080000ed   Thumb Code     0  entry.o(.ARM.Collect$$$$00000000)
    _main_stk                                0x080000ed   Thumb Code     0  entry2.o(.ARM.Collect$$$$00000001)
    _main_scatterload                        0x080000f1   Thumb Code     0  entry5.o(.ARM.Collect$$$$00000004)
    __main_after_scatterload                 0x080000f5   Thumb Code     0  entry5.o(.ARM.Collect$$$$00000004)
    _main_clock                              0x080000f5   Thumb Code     0  entry7b.o(.ARM.Collect$$$$00000008)
    _main_cpp_init                           0x080000f5   Thumb Code     0  entry8b.o(.ARM.Collect$$$$0000000A)
    _main_init                               0x080000f5   Thumb Code     0  entry9a.o(.ARM.Collect$$$$0000000B)
    __rt_final_cpp                           0x080000fd   Thumb Code     0  entry10a.o(.ARM.Collect$$$$0000000D)
    __rt_final_exit                          0x080000fd   Thumb Code     0  entry11a.o(.ARM.Collect$$$$0000000F)
    Reset_Handler                            0x08000101   Thumb Code     8  startup_stm32f103xb.o(.text)
    ADC1_2_IRQHandler                        0x0800011b   Thumb Code     0  startup_stm32f103xb.o(.text)
    CAN1_RX1_IRQHandler                      0x0800011b   Thumb Code     0  startup_stm32f103xb.o(.text)
    CAN1_SCE_IRQHandler                      0x0800011b   Thumb Code     0  startup_stm32f103xb.o(.text)
    DMA1_Channel1_IRQHandler                 0x0800011b   Thumb Code     0  startup_stm32f103xb.o(.text)
    DMA1_Channel2_IRQHandler                 0x0800011b   Thumb Code     0  startup_stm32f103xb.o(.text)
    DMA1_Channel3_IRQHandler                 0x0800011b   Thumb Code     0  startup_stm32f103xb.o(.text)
    DMA1_Channel4_IRQHandler                 0x0800011b   Thumb Code     0  startup_stm32f103xb.o(.text)
    DMA1_Channel5_IRQHandler                 0x0800011b   Thumb Code     0  startup_stm32f103xb.o(.text)
    DMA1_Channel6_IRQHandler                 0x0800011b   Thumb Code     0  startup_stm32f103xb.o(.text)
    DMA1_Channel7_IRQHandler                 0x0800011b   Thumb Code     0  startup_stm32f103xb.o(.text)
    EXTI0_IRQHandler                         0x0800011b   Thumb Code     0  startup_stm32f103xb.o(.text)
    EXTI15_10_IRQHandler                     0x0800011b   Thumb Code     0  startup_stm32f103xb.o(.text)
    EXTI1_IRQHandler                         0x0800011b   Thumb Code     0  startup_stm32f103xb.o(.text)
    EXTI2_IRQHandler                         0x0800011b   Thumb Code     0  startup_stm32f103xb.o(.text)
    EXTI3_IRQHandler                         0x0800011b   Thumb Code     0  startup_stm32f103xb.o(.text)
    EXTI4_IRQHandler                         0x0800011b   Thumb Code     0  startup_stm32f103xb.o(.text)
    EXTI9_5_IRQHandler                       0x0800011b   Thumb Code     0  startup_stm32f103xb.o(.text)
    FLASH_IRQHandler                         0x0800011b   Thumb Code     0  startup_stm32f103xb.o(.text)
    I2C1_ER_IRQHandler                       0x0800011b   Thumb Code     0  startup_stm32f103xb.o(.text)
    I2C1_EV_IRQHandler                       0x0800011b   Thumb Code     0  startup_stm32f103xb.o(.text)
    I2C2_ER_IRQHandler                       0x0800011b   Thumb Code     0  startup_stm32f103xb.o(.text)
    I2C2_EV_IRQHandler                       0x0800011b   Thumb Code     0  startup_stm32f103xb.o(.text)
    PVD_IRQHandler                           0x0800011b   Thumb Code     0  startup_stm32f103xb.o(.text)
    RCC_IRQHandler                           0x0800011b   Thumb Code     0  startup_stm32f103xb.o(.text)
    RTC_Alarm_IRQHandler                     0x0800011b   Thumb Code     0  startup_stm32f103xb.o(.text)
    RTC_IRQHandler                           0x0800011b   Thumb Code     0  startup_stm32f103xb.o(.text)
    SPI1_IRQHandler                          0x0800011b   Thumb Code     0  startup_stm32f103xb.o(.text)
    SPI2_IRQHandler                          0x0800011b   Thumb Code     0  startup_stm32f103xb.o(.text)
    TAMPER_IRQHandler                        0x0800011b   Thumb Code     0  startup_stm32f103xb.o(.text)
    TIM1_BRK_IRQHandler                      0x0800011b   Thumb Code     0  startup_stm32f103xb.o(.text)
    TIM1_CC_IRQHandler                       0x0800011b   Thumb Code     0  startup_stm32f103xb.o(.text)
    TIM1_TRG_COM_IRQHandler                  0x0800011b   Thumb Code     0  startup_stm32f103xb.o(.text)
    TIM1_UP_IRQHandler                       0x0800011b   Thumb Code     0  startup_stm32f103xb.o(.text)
    TIM2_IRQHandler                          0x0800011b   Thumb Code     0  startup_stm32f103xb.o(.text)
    TIM3_IRQHandler                          0x0800011b   Thumb Code     0  startup_stm32f103xb.o(.text)
    TIM4_IRQHandler                          0x0800011b   Thumb Code     0  startup_stm32f103xb.o(.text)
    USART3_IRQHandler                        0x0800011b   Thumb Code     0  startup_stm32f103xb.o(.text)
    USBWakeUp_IRQHandler                     0x0800011b   Thumb Code     0  startup_stm32f103xb.o(.text)
    USB_HP_CAN1_TX_IRQHandler                0x0800011b   Thumb Code     0  startup_stm32f103xb.o(.text)
    USB_LP_CAN1_RX0_IRQHandler               0x0800011b   Thumb Code     0  startup_stm32f103xb.o(.text)
    WWDG_IRQHandler                          0x0800011b   Thumb Code     0  startup_stm32f103xb.o(.text)
    __aeabi_llsr                             0x08000125   Thumb Code    32  llushr.o(.text)
    _ll_ushift_r                             0x08000125   Thumb Code     0  llushr.o(.text)
    __aeabi_memset                           0x08000145   Thumb Code    14  memseta.o(.text)
    __aeabi_memset4                          0x08000145   Thumb Code     0  memseta.o(.text)
    __aeabi_memset8                          0x08000145   Thumb Code     0  memseta.o(.text)
    __aeabi_memclr                           0x08000153   Thumb Code     4  memseta.o(.text)
    __aeabi_memclr4                          0x08000153   Thumb Code     0  memseta.o(.text)
    __aeabi_memclr8                          0x08000153   Thumb Code     0  memseta.o(.text)
    _memset$wrapper                          0x08000157   Thumb Code    18  memseta.o(.text)
    strcat                                   0x08000169   Thumb Code    24  strcat.o(.text)
    strstr                                   0x08000181   Thumb Code    36  strstr.o(.text)
    strlen                                   0x080001a5   Thumb Code    14  strlen.o(.text)
    strcmp                                   0x080001b3   Thumb Code    28  strcmp.o(.text)
    strcpy                                   0x080001cf   Thumb Code    18  strcpy.o(.text)
    strtok                                   0x080001e1   Thumb Code    62  strtok.o(.text)
    atoi                                     0x08000225   Thumb Code    26  atoi.o(.text)
    __aeabi_fadd                             0x0800023f   Thumb Code   164  fadd.o(.text)
    __aeabi_fsub                             0x080002e3   Thumb Code     6  fadd.o(.text)
    __aeabi_frsub                            0x080002e9   Thumb Code     6  fadd.o(.text)
    __aeabi_fmul                             0x080002ef   Thumb Code   100  fmul.o(.text)
    __aeabi_fdiv                             0x08000353   Thumb Code   124  fdiv.o(.text)
    __aeabi_dmul                             0x080003cf   Thumb Code   228  dmul.o(.text)
    __aeabi_ddiv                             0x080004b3   Thumb Code   222  ddiv.o(.text)
    __ARM_scalbn                             0x08000591   Thumb Code    46  dscalb.o(.text)
    scalbn                                   0x08000591   Thumb Code     0  dscalb.o(.text)
    __aeabi_i2f                              0x080005bf   Thumb Code    18  fflti.o(.text)
    __aeabi_i2d                              0x080005d1   Thumb Code    34  dflti.o(.text)
    __aeabi_f2iz                             0x080005f3   Thumb Code    50  ffixi.o(.text)
    __aeabi_f2d                              0x08000625   Thumb Code    38  f2d.o(.text)
    __aeabi_d2f                              0x0800064b   Thumb Code    56  d2f.o(.text)
    __aeabi_uidiv                            0x08000683   Thumb Code     0  uidiv.o(.text)
    __aeabi_uidivmod                         0x08000683   Thumb Code    44  uidiv.o(.text)
    __aeabi_uldivmod                         0x080006af   Thumb Code    98  uldiv.o(.text)
    __strtod_int                             0x08000747   Thumb Code    90  strtod.o(.text)
    strtol                                   0x080007ad   Thumb Code   112  strtol.o(.text)
    __I$use$fp                               0x0800081d   Thumb Code     0  iusefp.o(.text)
    _float_round                             0x0800081d   Thumb Code    18  fepilogue.o(.text)
    _float_epilogue                          0x0800082f   Thumb Code    92  fepilogue.o(.text)
    _double_round                            0x0800088b   Thumb Code    30  depilogue.o(.text)
    _double_epilogue                         0x080008a9   Thumb Code   156  depilogue.o(.text)
    __aeabi_dadd                             0x08000945   Thumb Code   322  dadd.o(.text)
    __aeabi_dsub                             0x08000a87   Thumb Code     6  dadd.o(.text)
    __aeabi_drsub                            0x08000a8d   Thumb Code     6  dadd.o(.text)
    _dsqrt                                   0x08000a93   Thumb Code   162  dsqrt.o(.text)
    __aeabi_d2ulz                            0x08000b35   Thumb Code    48  dfixul.o(.text)
    __aeabi_cdrcmple                         0x08000b65   Thumb Code    48  cdrcmple.o(.text)
    __scatterload                            0x08000b95   Thumb Code    28  init.o(.text)
    __scatterload_rt2                        0x08000b95   Thumb Code     0  init.o(.text)
    __aeabi_llsl                             0x08000bb9   Thumb Code    30  llshl.o(.text)
    _ll_shift_l                              0x08000bb9   Thumb Code     0  llshl.o(.text)
    __aeabi_lasr                             0x08000bd7   Thumb Code    36  llsshr.o(.text)
    _ll_sshift_r                             0x08000bd7   Thumb Code     0  llsshr.o(.text)
    __rt_ctype_table                         0x08000bfd   Thumb Code     4  ctype_o.o(.text)
    isspace                                  0x08000c05   Thumb Code    18  isspace_o.o(.text)
    _scanf_real                              0x08000d41   Thumb Code     0  scanf_fp.o(.text)
    _scanf_really_real                       0x08000d41   Thumb Code   556  scanf_fp.o(.text)
    _sgetc                                   0x08000f79   Thumb Code    30  _sgetc.o(.text)
    _sbackspace                              0x08000f97   Thumb Code    34  _sgetc.o(.text)
    _strtoul                                 0x08000fb9   Thumb Code   158  _strtoul.o(.text)
    _chval                                   0x08001057   Thumb Code    28  _chval.o(.text)
    __aeabi_ul2d                             0x08001073   Thumb Code    24  dfltul.o(.text)
    BusFault_Handler                         0x0800108b   Thumb Code     2  stm32f1xx_it.o(i.BusFault_Handler)
    DebugMon_Handler                         0x0800108d   Thumb Code     2  stm32f1xx_it.o(i.DebugMon_Handler)
    HAL_DMA_Abort_IT                         0x08001091   Thumb Code   148  stm32f1xx_hal_dma.o(i.HAL_DMA_Abort_IT)
    HAL_Delay                                0x08001129   Thumb Code    28  stm32f1xx_hal.o(i.HAL_Delay)
    HAL_GPIO_Init                            0x08001145   Thumb Code   408  stm32f1xx_hal_gpio.o(i.HAL_GPIO_Init)
    HAL_GPIO_WritePin                        0x08001301   Thumb Code    10  stm32f1xx_hal_gpio.o(i.HAL_GPIO_WritePin)
    HAL_GetTick                              0x0800130d   Thumb Code     6  stm32f1xx_hal.o(i.HAL_GetTick)
    HAL_I2C_Init                             0x08001319   Thumb Code   254  stm32f1xx_hal_i2c.o(i.HAL_I2C_Init)
    HAL_I2C_Master_Receive                   0x08001421   Thumb Code   516  stm32f1xx_hal_i2c.o(i.HAL_I2C_Master_Receive)
    HAL_I2C_Master_Transmit                  0x08001631   Thumb Code   304  stm32f1xx_hal_i2c.o(i.HAL_I2C_Master_Transmit)
    HAL_I2C_MspInit                          0x08001769   Thumb Code   102  stm32f1xx_hal_msp.o(i.HAL_I2C_MspInit)
    HAL_IncTick                              0x080017e5   Thumb Code    10  stm32f1xx_hal.o(i.HAL_IncTick)
    HAL_Init                                 0x080017f5   Thumb Code    32  stm32f1xx_hal.o(i.HAL_Init)
    HAL_InitTick                             0x08001819   Thumb Code    34  stm32f1xx_hal.o(i.HAL_InitTick)
    HAL_MspInit                              0x08001841   Thumb Code   122  stm32f1xx_hal_msp.o(i.HAL_MspInit)
    HAL_NVIC_EnableIRQ                       0x080018c5   Thumb Code    22  stm32f1xx_hal_cortex.o(i.HAL_NVIC_EnableIRQ)
    HAL_NVIC_SetPriority                     0x080018dd   Thumb Code    60  stm32f1xx_hal_cortex.o(i.HAL_NVIC_SetPriority)
    HAL_NVIC_SetPriorityGrouping             0x0800191d   Thumb Code    26  stm32f1xx_hal_cortex.o(i.HAL_NVIC_SetPriorityGrouping)
    HAL_RCC_ClockConfig                      0x08001941   Thumb Code   322  stm32f1xx_hal_rcc.o(i.HAL_RCC_ClockConfig)
    HAL_RCC_GetHCLKFreq                      0x08001a95   Thumb Code     6  stm32f1xx_hal_rcc.o(i.HAL_RCC_GetHCLKFreq)
    HAL_RCC_GetPCLK1Freq                     0x08001aa1   Thumb Code    20  stm32f1xx_hal_rcc.o(i.HAL_RCC_GetPCLK1Freq)
    HAL_RCC_GetPCLK2Freq                     0x08001ac1   Thumb Code    20  stm32f1xx_hal_rcc.o(i.HAL_RCC_GetPCLK2Freq)
    HAL_RCC_GetSysClockFreq                  0x08001ae1   Thumb Code    74  stm32f1xx_hal_rcc.o(i.HAL_RCC_GetSysClockFreq)
    HAL_RCC_OscConfig                        0x08001b4d   Thumb Code   750  stm32f1xx_hal_rcc.o(i.HAL_RCC_OscConfig)
    HAL_SYSTICK_CLKSourceConfig              0x08001e51   Thumb Code    24  stm32f1xx_hal_cortex.o(i.HAL_SYSTICK_CLKSourceConfig)
    HAL_SYSTICK_Callback                     0x08001e69   Thumb Code     2  stm32f1xx_hal_cortex.o(i.HAL_SYSTICK_Callback)
    HAL_SYSTICK_Config                       0x08001e6b   Thumb Code    40  stm32f1xx_hal_cortex.o(i.HAL_SYSTICK_Config)
    HAL_SYSTICK_IRQHandler                   0x08001e93   Thumb Code     8  stm32f1xx_hal_cortex.o(i.HAL_SYSTICK_IRQHandler)
    HAL_UART_ErrorCallback                   0x08001e9b   Thumb Code     2  stm32f1xx_hal_uart.o(i.HAL_UART_ErrorCallback)
    HAL_UART_IRQHandler                      0x08001e9d   Thumb Code   266  stm32f1xx_hal_uart.o(i.HAL_UART_IRQHandler)
    HAL_UART_Init                            0x08001fad   Thumb Code    98  stm32f1xx_hal_uart.o(i.HAL_UART_Init)
    HAL_UART_MspInit                         0x08002011   Thumb Code   158  stm32f1xx_hal_msp.o(i.HAL_UART_MspInit)
    HAL_UART_Receive                         0x080020c1   Thumb Code   184  stm32f1xx_hal_uart.o(i.HAL_UART_Receive)
    HAL_UART_RxCpltCallback                  0x08002179   Thumb Code     2  stm32f1xx_hal_uart.o(i.HAL_UART_RxCpltCallback)
    HAL_UART_Transmit                        0x0800217b   Thumb Code   186  stm32f1xx_hal_uart.o(i.HAL_UART_Transmit)
    HAL_UART_TxCpltCallback                  0x08002235   Thumb Code     2  stm32f1xx_hal_uart.o(i.HAL_UART_TxCpltCallback)
    HardFault_Handler                        0x08002237   Thumb Code     2  stm32f1xx_it.o(i.HardFault_Handler)
    MemManage_Handler                        0x080026d9   Thumb Code     2  stm32f1xx_it.o(i.MemManage_Handler)
    NMI_Handler                              0x080026db   Thumb Code     2  stm32f1xx_it.o(i.NMI_Handler)
    PendSV_Handler                           0x080026fd   Thumb Code     2  stm32f1xx_it.o(i.PendSV_Handler)
    SVC_Handler                              0x080026ff   Thumb Code     2  stm32f1xx_it.o(i.SVC_Handler)
    SysTick_Handler                          0x08002701   Thumb Code    14  stm32f1xx_it.o(i.SysTick_Handler)
    SystemClock_Config                       0x0800270f   Thumb Code   104  main.o(i.SystemClock_Config)
    SystemInit                               0x08002779   Thumb Code    56  system_stm32f1xx.o(i.SystemInit)
    USART1_IRQHandler                        0x08002abd   Thumb Code     6  stm32f1xx_it.o(i.USART1_IRQHandler)
    USART2_IRQHandler                        0x08002ac9   Thumb Code     6  stm32f1xx_it.o(i.USART2_IRQHandler)
    UsageFault_Handler                       0x08002ad5   Thumb Code     2  stm32f1xx_it.o(i.UsageFault_Handler)
    __0sprintf                               0x08002ad9   Thumb Code    34  printfa.o(i.__0sprintf)
    __1sprintf                               0x08002ad9   Thumb Code     0  printfa.o(i.__0sprintf)
    __2sprintf                               0x08002ad9   Thumb Code     0  printfa.o(i.__0sprintf)
    __c89sprintf                             0x08002ad9   Thumb Code     0  printfa.o(i.__0sprintf)
    sprintf                                  0x08002ad9   Thumb Code     0  printfa.o(i.__0sprintf)
    __ARM_fpclassify                         0x08002b01   Thumb Code    40  fpclassify.o(i.__ARM_fpclassify)
    __aeabi_errno_addr                       0x08002b29   Thumb Code     4  errno.o(i.__aeabi_errno_addr)
    __rt_errno_addr                          0x08002b29   Thumb Code     0  errno.o(i.__aeabi_errno_addr)
    __kernel_poly                            0x08002b31   Thumb Code   170  poly.o(i.__kernel_poly)
    __mathlib_dbl_infnan                     0x08002bdb   Thumb Code     6  dunder.o(i.__mathlib_dbl_infnan)
    __mathlib_dbl_infnan2                    0x08002be1   Thumb Code     4  dunder.o(i.__mathlib_dbl_infnan2)
    __mathlib_dbl_underflow                  0x08002be5   Thumb Code    10  dunder.o(i.__mathlib_dbl_underflow)
    __read_errno                             0x08002bf5   Thumb Code     6  errno.o(i.__read_errno)
    __scatterload_copy                       0x08002c01   Thumb Code    14  handlers.o(i.__scatterload_copy)
    __scatterload_null                       0x08002c0f   Thumb Code     2  handlers.o(i.__scatterload_null)
    __scatterload_zeroinit                   0x08002c11   Thumb Code    14  handlers.o(i.__scatterload_zeroinit)
    __set_errno                              0x08002c21   Thumb Code     6  errno.o(i.__set_errno)
    _is_digit                                0x08002db1   Thumb Code    14  scanf_fp.o(i._is_digit)
    ac_get_rotation_x                        0x080034f9   Thumb Code    52  main.o(i.ac_get_rotation_x)
    ac_get_rotation_y                        0x08003539   Thumb Code    80  main.o(i.ac_get_rotation_y)
    accel_configuration                      0x08003595   Thumb Code    68  mpu6050.o(i.accel_configuration)
    add_checksum_array                       0x080035d9   Thumb Code    42  main.o(i.add_checksum_array)
    atan                                     0x0800360d   Thumb Code   474  atan.o(i.atan)
    atan2                                    0x0800382d   Thumb Code   346  atan2.o(i.atan2)
    atof                                     0x080039ad   Thumb Code    42  atof.o(i.atof)
    bmp280_ctrl_meas                         0x080039d7   Thumb Code   162  bmp280.o(i.bmp280_ctrl_meas)
    bmp280_init                              0x08003a79   Thumb Code    26  bmp280.o(i.bmp280_init)
    bmp280_read_calib_reg                    0x08003a93   Thumb Code   152  bmp280.o(i.bmp280_read_calib_reg)
    calculate_checksum_s                     0x08003b2b   Thumb Code    30  main.o(i.calculate_checksum_s)
    calibration                              0x08003b49   Thumb Code    88  mpu6050.o(i.calibration)
    format_position                          0x08003ba1   Thumb Code    82  hal_gps.o(i.format_position)
    get_gps_data                             0x08003bf9   Thumb Code   272  hal_gps.o(i.get_gps_data)
    gyro_configuration                       0x08003d21   Thumb Code    74  mpu6050.o(i.gyro_configuration)
    init                                     0x08003d6b   Thumb Code    98  mpu6050.o(i.init)
    main                                     0x08003dcd   Thumb Code   748  main.o(i.main)
    read16                                   0x08004101   Thumb Code    10  util.o(i.read16)
    read_acc                                 0x0800410b   Thumb Code    84  mpu6050.o(i.read_acc)
    read_gyro                                0x0800415f   Thumb Code    84  mpu6050.o(i.read_gyro)
    read_temperature                         0x080041b5   Thumb Code    90  mpu6050.o(i.read_temperature)
    sqrt                                     0x08004219   Thumb Code    76  sqrt.o(i.sqrt)
    uread16                                  0x08004265   Thumb Code    52  util.o(i.uread16)
    AHBPrescTable                            0x08004298   Data          16  system_stm32f1xx.o(.constdata)
    APBPrescTable                            0x080042a8   Data           8  system_stm32f1xx.o(.constdata)
    __mathlib_zero                           0x08004348   Data           8  qnan.o(.constdata)
    __ctype_table                            0x08004350   Data         129  ctype_o.o(.constdata)
    Region$$Table$$Base                      0x080043ec   Number         0  anon$$obj.o(Region$$Table)
    Region$$Table$$Limit                     0x0800440c   Number         0  anon$$obj.o(Region$$Table)
    uwTick                                   0x20000000   Data           4  stm32f1xx_hal.o(.data)
    calib_msg                                0x20000004   Data           4  main.o(.data)
    tickstart                                0x20000008   Data           4  main.o(.data)
    tickstart_print                          0x2000000c   Data           4  main.o(.data)
    tickstart_gps                            0x20000010   Data           4  main.o(.data)
    SystemCoreClock                          0x20000014   Data           4  system_stm32f1xx.o(.data)
    hi2c1                                    0x20000020   Data          84  main.o(.bss)
    hi2c2                                    0x20000074   Data          84  main.o(.bss)
    huart1                                   0x200000c8   Data          64  main.o(.bss)
    huart2                                   0x20000108   Data          64  main.o(.bss)
    mpu                                      0x20000148   Data          24  main.o(.bss)
    gps                                      0x20000160   Data          24  main.o(.bss)
    bmp                                      0x20000178   Data          36  main.o(.bss)
    __initial_sp                             0x200005a0   Data           0  startup_stm32f103xb.o(STACK)



==============================================================================

Memory Map of the image

  Image Entry point : 0x080000ed

  Load Region LR_IROM1 (Base: 0x08000000, Size: 0x0000442c, Max: 0x00010000, ABSOLUTE)

    Execution Region ER_IROM1 (Exec base: 0x08000000, Load base: 0x08000000, Size: 0x0000440c, Max: 0x00010000, ABSOLUTE)

    Exec Addr    Load Addr    Size         Type   Attr      Idx    E Section Name        Object

    0x08000000   0x08000000   0x000000ec   Data   RO         2276    RESET               startup_stm32f103xb.o
    0x080000ec   0x080000ec   0x00000000   Code   RO         2301  * .ARM.Collect$$$$00000000  mc_w.l(entry.o)
    0x080000ec   0x080000ec   0x00000004   Code   RO         2640    .ARM.Collect$$$$00000001  mc_w.l(entry2.o)
    0x080000f0   0x080000f0   0x00000004   Code   RO         2643    .ARM.Collect$$$$00000004  mc_w.l(entry5.o)
    0x080000f4   0x080000f4   0x00000000   Code   RO         2645    .ARM.Collect$$$$00000008  mc_w.l(entry7b.o)
    0x080000f4   0x080000f4   0x00000000   Code   RO         2647    .ARM.Collect$$$$0000000A  mc_w.l(entry8b.o)
    0x080000f4   0x080000f4   0x00000008   Code   RO         2648    .ARM.Collect$$$$0000000B  mc_w.l(entry9a.o)
    0x080000fc   0x080000fc   0x00000000   Code   RO         2650    .ARM.Collect$$$$0000000D  mc_w.l(entry10a.o)
    0x080000fc   0x080000fc   0x00000000   Code   RO         2652    .ARM.Collect$$$$0000000F  mc_w.l(entry11a.o)
    0x080000fc   0x080000fc   0x00000004   Code   RO         2641    .ARM.Collect$$$$00002712  mc_w.l(entry2.o)
    0x08000100   0x08000100   0x00000024   Code   RO         2277    .text               startup_stm32f103xb.o
    0x08000124   0x08000124   0x00000020   Code   RO         2306    .text               mc_w.l(llushr.o)
    0x08000144   0x08000144   0x00000024   Code   RO         2308    .text               mc_w.l(memseta.o)
    0x08000168   0x08000168   0x00000018   Code   RO         2310    .text               mc_w.l(strcat.o)
    0x08000180   0x08000180   0x00000024   Code   RO         2312    .text               mc_w.l(strstr.o)
    0x080001a4   0x080001a4   0x0000000e   Code   RO         2314    .text               mc_w.l(strlen.o)
    0x080001b2   0x080001b2   0x0000001c   Code   RO         2316    .text               mc_w.l(strcmp.o)
    0x080001ce   0x080001ce   0x00000012   Code   RO         2318    .text               mc_w.l(strcpy.o)
    0x080001e0   0x080001e0   0x00000044   Code   RO         2320    .text               mc_w.l(strtok.o)
    0x08000224   0x08000224   0x0000001a   Code   RO         2587    .text               mc_w.l(atoi.o)
    0x0800023e   0x0800023e   0x000000b0   Code   RO         2589    .text               mf_w.l(fadd.o)
    0x080002ee   0x080002ee   0x00000064   Code   RO         2591    .text               mf_w.l(fmul.o)
    0x08000352   0x08000352   0x0000007c   Code   RO         2593    .text               mf_w.l(fdiv.o)
    0x080003ce   0x080003ce   0x000000e4   Code   RO         2597    .text               mf_w.l(dmul.o)
    0x080004b2   0x080004b2   0x000000de   Code   RO         2599    .text               mf_w.l(ddiv.o)
    0x08000590   0x08000590   0x0000002e   Code   RO         2601    .text               mf_w.l(dscalb.o)
    0x080005be   0x080005be   0x00000012   Code   RO         2603    .text               mf_w.l(fflti.o)
    0x080005d0   0x080005d0   0x00000022   Code   RO         2607    .text               mf_w.l(dflti.o)
    0x080005f2   0x080005f2   0x00000032   Code   RO         2609    .text               mf_w.l(ffixi.o)
    0x08000624   0x08000624   0x00000026   Code   RO         2611    .text               mf_w.l(f2d.o)
    0x0800064a   0x0800064a   0x00000038   Code   RO         2613    .text               mf_w.l(d2f.o)
    0x08000682   0x08000682   0x0000002c   Code   RO         2657    .text               mc_w.l(uidiv.o)
    0x080006ae   0x080006ae   0x00000062   Code   RO         2659    .text               mc_w.l(uldiv.o)
    0x08000710   0x08000710   0x0000009c   Code   RO         2668    .text               mc_w.l(strtod.o)
    0x080007ac   0x080007ac   0x00000070   Code   RO         2670    .text               mc_w.l(strtol.o)
    0x0800081c   0x0800081c   0x00000000   Code   RO         2672    .text               mc_w.l(iusefp.o)
    0x0800081c   0x0800081c   0x0000006e   Code   RO         2673    .text               mf_w.l(fepilogue.o)
    0x0800088a   0x0800088a   0x000000ba   Code   RO         2675    .text               mf_w.l(depilogue.o)
    0x08000944   0x08000944   0x0000014e   Code   RO         2677    .text               mf_w.l(dadd.o)
    0x08000a92   0x08000a92   0x000000a2   Code   RO         2679    .text               mf_w.l(dsqrt.o)
    0x08000b34   0x08000b34   0x00000030   Code   RO         2681    .text               mf_w.l(dfixul.o)
    0x08000b64   0x08000b64   0x00000030   Code   RO         2685    .text               mf_w.l(cdrcmple.o)
    0x08000b94   0x08000b94   0x00000024   Code   RO         2691    .text               mc_w.l(init.o)
    0x08000bb8   0x08000bb8   0x0000001e   Code   RO         2694    .text               mc_w.l(llshl.o)
    0x08000bd6   0x08000bd6   0x00000024   Code   RO         2696    .text               mc_w.l(llsshr.o)
    0x08000bfa   0x08000bfa   0x00000002   PAD
    0x08000bfc   0x08000bfc   0x00000008   Code   RO         2700    .text               mc_w.l(ctype_o.o)
    0x08000c04   0x08000c04   0x00000012   Code   RO         2722    .text               mc_w.l(isspace_o.o)
    0x08000c16   0x08000c16   0x00000002   PAD
    0x08000c18   0x08000c18   0x00000360   Code   RO         2728    .text               mc_w.l(scanf_fp.o)
    0x08000f78   0x08000f78   0x00000040   Code   RO         2732    .text               mc_w.l(_sgetc.o)
    0x08000fb8   0x08000fb8   0x0000009e   Code   RO         2734    .text               mc_w.l(_strtoul.o)
    0x08001056   0x08001056   0x0000001c   Code   RO         2740    .text               mc_w.l(_chval.o)
    0x08001072   0x08001072   0x00000018   Code   RO         2742    .text               mf_w.l(dfltul.o)
    0x0800108a   0x0800108a   0x00000002   Code   RO         1923    i.BusFault_Handler  stm32f1xx_it.o
    0x0800108c   0x0800108c   0x00000002   Code   RO         1924    i.DebugMon_Handler  stm32f1xx_it.o
    0x0800108e   0x0800108e   0x00000002   PAD
    0x08001090   0x08001090   0x00000098   Code   RO         1033    i.HAL_DMA_Abort_IT  stm32f1xx_hal_dma.o
    0x08001128   0x08001128   0x0000001c   Code   RO          468    i.HAL_Delay         stm32f1xx_hal.o
    0x08001144   0x08001144   0x000001bc   Code   RO         1527    i.HAL_GPIO_Init     stm32f1xx_hal_gpio.o
    0x08001300   0x08001300   0x0000000a   Code   RO         1531    i.HAL_GPIO_WritePin  stm32f1xx_hal_gpio.o
    0x0800130a   0x0800130a   0x00000002   PAD
    0x0800130c   0x0800130c   0x0000000c   Code   RO          472    i.HAL_GetTick       stm32f1xx_hal.o
    0x08001318   0x08001318   0x00000108   Code   RO         1137    i.HAL_I2C_Init      stm32f1xx_hal_i2c.o
    0x08001420   0x08001420   0x00000210   Code   RO         1143    i.HAL_I2C_Master_Receive  stm32f1xx_hal_i2c.o
    0x08001630   0x08001630   0x00000138   Code   RO         1148    i.HAL_I2C_Master_Transmit  stm32f1xx_hal_i2c.o
    0x08001768   0x08001768   0x0000007c   Code   RO         1876    i.HAL_I2C_MspInit   stm32f1xx_hal_msp.o
    0x080017e4   0x080017e4   0x00000010   Code   RO          474    i.HAL_IncTick       stm32f1xx_hal.o
    0x080017f4   0x080017f4   0x00000024   Code   RO          475    i.HAL_Init          stm32f1xx_hal.o
    0x08001818   0x08001818   0x00000028   Code   RO          476    i.HAL_InitTick      stm32f1xx_hal.o
    0x08001840   0x08001840   0x00000084   Code   RO         1877    i.HAL_MspInit       stm32f1xx_hal_msp.o
    0x080018c4   0x080018c4   0x00000016   Code   RO          225    i.HAL_NVIC_EnableIRQ  stm32f1xx_hal_cortex.o
    0x080018da   0x080018da   0x00000002   PAD
    0x080018dc   0x080018dc   0x00000040   Code   RO          231    i.HAL_NVIC_SetPriority  stm32f1xx_hal_cortex.o
    0x0800191c   0x0800191c   0x00000024   Code   RO          232    i.HAL_NVIC_SetPriorityGrouping  stm32f1xx_hal_cortex.o
    0x08001940   0x08001940   0x00000154   Code   RO          122    i.HAL_RCC_ClockConfig  stm32f1xx_hal_rcc.o
    0x08001a94   0x08001a94   0x0000000c   Code   RO          127    i.HAL_RCC_GetHCLKFreq  stm32f1xx_hal_rcc.o
    0x08001aa0   0x08001aa0   0x00000020   Code   RO          129    i.HAL_RCC_GetPCLK1Freq  stm32f1xx_hal_rcc.o
    0x08001ac0   0x08001ac0   0x00000020   Code   RO          130    i.HAL_RCC_GetPCLK2Freq  stm32f1xx_hal_rcc.o
    0x08001ae0   0x08001ae0   0x0000006c   Code   RO          131    i.HAL_RCC_GetSysClockFreq  stm32f1xx_hal_rcc.o
    0x08001b4c   0x08001b4c   0x00000304   Code   RO          134    i.HAL_RCC_OscConfig  stm32f1xx_hal_rcc.o
    0x08001e50   0x08001e50   0x00000018   Code   RO          234    i.HAL_SYSTICK_CLKSourceConfig  stm32f1xx_hal_cortex.o
    0x08001e68   0x08001e68   0x00000002   Code   RO          235    i.HAL_SYSTICK_Callback  stm32f1xx_hal_cortex.o
    0x08001e6a   0x08001e6a   0x00000028   Code   RO          236    i.HAL_SYSTICK_Config  stm32f1xx_hal_cortex.o
    0x08001e92   0x08001e92   0x00000008   Code   RO          237    i.HAL_SYSTICK_IRQHandler  stm32f1xx_hal_cortex.o
    0x08001e9a   0x08001e9a   0x00000002   Code   RO          623    i.HAL_UART_ErrorCallback  stm32f1xx_hal_uart.o
    0x08001e9c   0x08001e9c   0x00000110   Code   RO          626    i.HAL_UART_IRQHandler  stm32f1xx_hal_uart.o
    0x08001fac   0x08001fac   0x00000062   Code   RO          627    i.HAL_UART_Init     stm32f1xx_hal_uart.o
    0x0800200e   0x0800200e   0x00000002   PAD
    0x08002010   0x08002010   0x000000b0   Code   RO         1879    i.HAL_UART_MspInit  stm32f1xx_hal_msp.o
    0x080020c0   0x080020c0   0x000000b8   Code   RO          630    i.HAL_UART_Receive  stm32f1xx_hal_uart.o
    0x08002178   0x08002178   0x00000002   Code   RO          633    i.HAL_UART_RxCpltCallback  stm32f1xx_hal_uart.o
    0x0800217a   0x0800217a   0x000000ba   Code   RO          635    i.HAL_UART_Transmit  stm32f1xx_hal_uart.o
    0x08002234   0x08002234   0x00000002   Code   RO          638    i.HAL_UART_TxCpltCallback  stm32f1xx_hal_uart.o
    0x08002236   0x08002236   0x00000002   Code   RO         1925    i.HardFault_Handler  stm32f1xx_it.o
    0x08002238   0x08002238   0x00000028   Code   RO         1175    i.I2C_IsAcknowledgeFailed  stm32f1xx_hal_i2c.o
    0x08002260   0x08002260   0x000000de   Code   RO         1178    i.I2C_MasterRequestRead  stm32f1xx_hal_i2c.o
    0x0800233e   0x0800233e   0x00000002   PAD
    0x08002340   0x08002340   0x00000094   Code   RO         1179    i.I2C_MasterRequestWrite  stm32f1xx_hal_i2c.o
    0x080023d4   0x080023d4   0x0000004e   Code   RO         1188    i.I2C_WaitOnBTFFlagUntilTimeout  stm32f1xx_hal_i2c.o
    0x08002422   0x08002422   0x00000060   Code   RO         1189    i.I2C_WaitOnFlagUntilTimeout  stm32f1xx_hal_i2c.o
    0x08002482   0x08002482   0x00000002   PAD
    0x08002484   0x08002484   0x00000088   Code   RO         1190    i.I2C_WaitOnMasterAddressFlagUntilTimeout  stm32f1xx_hal_i2c.o
    0x0800250c   0x0800250c   0x00000062   Code   RO         1191    i.I2C_WaitOnRXNEFlagUntilTimeout  stm32f1xx_hal_i2c.o
    0x0800256e   0x0800256e   0x0000004e   Code   RO         1192    i.I2C_WaitOnTXEFlagUntilTimeout  stm32f1xx_hal_i2c.o
    0x080025bc   0x080025bc   0x000000ac   Code   RO         1751    i.MX_GPIO_Init      main.o
    0x08002668   0x08002668   0x00000038   Code   RO         1752    i.MX_I2C1_Init      main.o
    0x080026a0   0x080026a0   0x00000038   Code   RO         1753    i.MX_I2C2_Init      main.o
    0x080026d8   0x080026d8   0x00000002   Code   RO         1926    i.MemManage_Handler  stm32f1xx_it.o
    0x080026da   0x080026da   0x00000002   Code   RO         1927    i.NMI_Handler       stm32f1xx_it.o
    0x080026dc   0x080026dc   0x00000020   Code   RO          238    i.NVIC_SetPriority  stm32f1xx_hal_cortex.o
    0x080026fc   0x080026fc   0x00000002   Code   RO         1928    i.PendSV_Handler    stm32f1xx_it.o
    0x080026fe   0x080026fe   0x00000002   Code   RO         1929    i.SVC_Handler       stm32f1xx_it.o
    0x08002700   0x08002700   0x0000000e   Code   RO         1930    i.SysTick_Handler   stm32f1xx_it.o
    0x0800270e   0x0800270e   0x00000068   Code   RO         1754    i.SystemClock_Config  main.o
    0x08002776   0x08002776   0x00000002   PAD
    0x08002778   0x08002778   0x00000048   Code   RO         2240    i.SystemInit        system_stm32f1xx.o
    0x080027c0   0x080027c0   0x00000010   Code   RO          640    i.UART_DMAAbortOnError  stm32f1xx_hal_uart.o
    0x080027d0   0x080027d0   0x0000001c   Code   RO          650    i.UART_EndRxTransfer  stm32f1xx_hal_uart.o
    0x080027ec   0x080027ec   0x00000096   Code   RO          652    i.UART_Receive_IT   stm32f1xx_hal_uart.o
    0x08002882   0x08002882   0x00000002   PAD
    0x08002884   0x08002884   0x00000170   Code   RO          653    i.UART_SetConfig    stm32f1xx_hal_uart.o
    0x080029f4   0x080029f4   0x00000062   Code   RO          654    i.UART_Transmit_IT  stm32f1xx_hal_uart.o
    0x08002a56   0x08002a56   0x00000064   Code   RO          655    i.UART_WaitOnFlagUntilTimeout  stm32f1xx_hal_uart.o
    0x08002aba   0x08002aba   0x00000002   PAD
    0x08002abc   0x08002abc   0x0000000c   Code   RO         1931    i.USART1_IRQHandler  stm32f1xx_it.o
    0x08002ac8   0x08002ac8   0x0000000c   Code   RO         1932    i.USART2_IRQHandler  stm32f1xx_it.o
    0x08002ad4   0x08002ad4   0x00000002   Code   RO         1933    i.UsageFault_Handler  stm32f1xx_it.o
    0x08002ad6   0x08002ad6   0x00000002   PAD
    0x08002ad8   0x08002ad8   0x00000028   Code   RO         2561    i.__0sprintf        mc_w.l(printfa.o)
    0x08002b00   0x08002b00   0x00000028   Code   RO         2687    i.__ARM_fpclassify  m_ws.l(fpclassify.o)
    0x08002b28   0x08002b28   0x00000008   Code   RO         2661    i.__aeabi_errno_addr  mc_w.l(errno.o)
    0x08002b30   0x08002b30   0x000000aa   Code   RO         2689    i.__kernel_poly     m_ws.l(poly.o)
    0x08002bda   0x08002bda   0x00000006   Code   RO         2626    i.__mathlib_dbl_infnan  m_ws.l(dunder.o)
    0x08002be0   0x08002be0   0x00000004   Code   RO         2627    i.__mathlib_dbl_infnan2  m_ws.l(dunder.o)
    0x08002be4   0x08002be4   0x00000010   Code   RO         2631    i.__mathlib_dbl_underflow  m_ws.l(dunder.o)
    0x08002bf4   0x08002bf4   0x0000000c   Code   RO         2662    i.__read_errno      mc_w.l(errno.o)
    0x08002c00   0x08002c00   0x0000000e   Code   RO         2746    i.__scatterload_copy  mc_w.l(handlers.o)
    0x08002c0e   0x08002c0e   0x00000002   Code   RO         2747    i.__scatterload_null  mc_w.l(handlers.o)
    0x08002c10   0x08002c10   0x0000000e   Code   RO         2748    i.__scatterload_zeroinit  mc_w.l(handlers.o)
    0x08002c1e   0x08002c1e   0x00000002   PAD
    0x08002c20   0x08002c20   0x0000000c   Code   RO         2663    i.__set_errno       mc_w.l(errno.o)
    0x08002c2c   0x08002c2c   0x00000184   Code   RO         2566    i._fp_digits        mc_w.l(printfa.o)
    0x08002db0   0x08002db0   0x0000000e   Code   RO         2730    i._is_digit         mc_w.l(scanf_fp.o)
    0x08002dbe   0x08002dbe   0x00000002   PAD
    0x08002dc0   0x08002dc0   0x000006dc   Code   RO         2567    i._printf_core      mc_w.l(printfa.o)
    0x0800349c   0x0800349c   0x00000024   Code   RO         2568    i._printf_post_padding  mc_w.l(printfa.o)
    0x080034c0   0x080034c0   0x0000002e   Code   RO         2569    i._printf_pre_padding  mc_w.l(printfa.o)
    0x080034ee   0x080034ee   0x0000000a   Code   RO         2571    i._sputc            mc_w.l(printfa.o)
    0x080034f8   0x080034f8   0x00000040   Code   RO         1759    i.ac_get_rotation_x  main.o
    0x08003538   0x08003538   0x0000005c   Code   RO         1760    i.ac_get_rotation_y  main.o
    0x08003594   0x08003594   0x00000044   Code   RO         2011    i.accel_configuration  mpu6050.o
    0x080035d8   0x080035d8   0x00000034   Code   RO         1761    i.add_checksum_array  main.o
    0x0800360c   0x0800360c   0x00000220   Code   RO         2616    i.atan              m_ws.l(atan.o)
    0x0800382c   0x0800382c   0x00000180   Code   RO         2282    i.atan2             m_ws.l(atan2.o)
    0x080039ac   0x080039ac   0x0000002a   Code   RO         2290    i.atof              m_ws.l(atof.o)
    0x080039d6   0x080039d6   0x000000a2   Code   RO         2071    i.bmp280_ctrl_meas  bmp280.o
    0x08003a78   0x08003a78   0x0000001a   Code   RO         2073    i.bmp280_init       bmp280.o
    0x08003a92   0x08003a92   0x00000098   Code   RO         2074    i.bmp280_read_calib_reg  bmp280.o
    0x08003b2a   0x08003b2a   0x0000001e   Code   RO         1762    i.calculate_checksum_s  main.o
    0x08003b48   0x08003b48   0x00000058   Code   RO         2012    i.calibration       mpu6050.o
    0x08003ba0   0x08003ba0   0x00000058   Code   RO         2181    i.format_position   hal_gps.o
    0x08003bf8   0x08003bf8   0x00000128   Code   RO         2182    i.get_gps_data      hal_gps.o
    0x08003d20   0x08003d20   0x0000004a   Code   RO         2013    i.gyro_configuration  mpu6050.o
    0x08003d6a   0x08003d6a   0x00000062   Code   RO         2014    i.init              mpu6050.o
    0x08003dcc   0x08003dcc   0x00000334   Code   RO         1763    i.main              main.o
    0x08004100   0x08004100   0x0000000a   Code   RO         2125    i.read16            util.o
    0x0800410a   0x0800410a   0x00000054   Code   RO         2015    i.read_acc          mpu6050.o
    0x0800415e   0x0800415e   0x00000054   Code   RO         2016    i.read_gyro         mpu6050.o
    0x080041b2   0x080041b2   0x00000002   PAD
    0x080041b4   0x080041b4   0x00000064   Code   RO         2017    i.read_temperature  mpu6050.o
    0x08004218   0x08004218   0x0000004c   Code   RO         2294    i.sqrt              m_ws.l(sqrt.o)
    0x08004264   0x08004264   0x00000034   Code   RO         2128    i.uread16           util.o
    0x08004298   0x08004298   0x00000010   Data   RO         2241    .constdata          system_stm32f1xx.o
    0x080042a8   0x080042a8   0x00000008   Data   RO         2242    .constdata          system_stm32f1xx.o
    0x080042b0   0x080042b0   0x00000098   Data   RO         2617    .constdata          m_ws.l(atan.o)
    0x08004348   0x08004348   0x00000008   Data   RO         2639    .constdata          m_ws.l(qnan.o)
    0x08004350   0x08004350   0x00000081   Data   RO         2701    .constdata          mc_w.l(ctype_o.o)
    0x080043d1   0x080043d1   0x00000003   PAD
    0x080043d4   0x080043d4   0x00000004   Data   RO         2702    .constdata          mc_w.l(ctype_o.o)
    0x080043d8   0x080043d8   0x00000014   Data   RO         1765    .conststring        main.o
    0x080043ec   0x080043ec   0x00000020   Data   RO         2744    Region$$Table       anon$$obj.o


    Execution Region RW_IRAM1 (Exec base: 0x20000000, Load base: 0x0800440c, Size: 0x000005a0, Max: 0x00005000, ABSOLUTE)

    Exec Addr    Load Addr    Size         Type   Attr      Idx    E Section Name        Object

    0x20000000   0x0800440c   0x00000004   Data   RW          481    .data               stm32f1xx_hal.o
    0x20000004   0x08004410   0x00000010   Data   RW         1769    .data               main.o
    0x20000014   0x08004420   0x00000004   Data   RW         2243    .data               system_stm32f1xx.o
    0x20000018   0x08004424   0x00000004   Data   RW         2321    .data               mc_w.l(strtok.o)
    0x2000001c   0x08004428   0x00000004   Data   RW         2664    .data               mc_w.l(errno.o)
    0x20000020        -       0x0000017c   Zero   RW         1764    .bss                main.o
    0x2000019c   0x0800442c   0x00000004   PAD
    0x200001a0        -       0x00000400   Zero   RW         2274    STACK               startup_stm32f103xb.o


==============================================================================

Image component sizes


      Code (inc. data)   RO Data    RW Data    ZI Data      Debug   Object Name

       340          0          0          0          0       2321   bmp280.o
       384         30          0          0          0       2297   hal_gps.o
      1446        146         20         16        380      10037   main.o
       596         10          0          0          0       5258   mpu6050.o
        36          8        236          0       1024        764   startup_stm32f103xb.o
       132         22          0          4          0       3611   stm32f1xx_hal.o
       228         14          0          0          0      27341   stm32f1xx_hal_cortex.o
       152          4          0          0          0       1087   stm32f1xx_hal_dma.o
       454         36          0          0          0       2856   stm32f1xx_hal_gpio.o
      2000         36          0          0          0      12042   stm32f1xx_hal_i2c.o
       432         50          0          0          0       2275   stm32f1xx_hal_msp.o
      1296        104          0          0          0       5576   stm32f1xx_hal_rcc.o
         0          0          0          0          0     410208   stm32f1xx_hal_rcc_ex.o
      1506         10          0          0          0      10066   stm32f1xx_hal_uart.o
        54         12          0          0          0       4602   stm32f1xx_it.o
        72         16         24          4          0       1139   system_stm32f1xx.o
        62          0          0          0          0       1608   util.o

    ----------------------------------------------------------------------
      9212        498        312         24       1408     503088   Object Totals
         0          0         32          0          0          0   (incl. Generated)
        22          0          0          0          4          0   (incl. Padding)

    ----------------------------------------------------------------------

      Code (inc. data)   RO Data    RW Data    ZI Data      Debug   Library Member Name

       544         70        152          0          0        124   atan.o
       384         38          0          0          0        144   atan2.o
        42          0          0          0          0         84   atof.o
        26          6          0          0          0        204   dunder.o
        40          0          0          0          0         68   fpclassify.o
       170          0          0          0          0         96   poly.o
         0          0          8          0          0          0   qnan.o
        76          0          0          0          0         84   sqrt.o
        28          0          0          0          0         68   _chval.o
        64          0          0          0          0         84   _sgetc.o
       158          0          0          0          0         92   _strtoul.o
        26          0          0          0          0         80   atoi.o
         8          4        133          0          0         68   ctype_o.o
         0          0          0          0          0          0   entry.o
         0          0          0          0          0          0   entry10a.o
         0          0          0          0          0          0   entry11a.o
         8          4          0          0          0          0   entry2.o
         4          0          0          0          0          0   entry5.o
         0          0          0          0          0          0   entry7b.o
         0          0          0          0          0          0   entry8b.o
         8          4          0          0          0          0   entry9a.o
        32         16          0          4          0        204   errno.o
        30          0          0          0          0          0   handlers.o
        36          8          0          0          0         68   init.o
        18          0          0          0          0         76   isspace_o.o
         0          0          0          0          0          0   iusefp.o
        30          0          0          0          0         68   llshl.o
        36          0          0          0          0         68   llsshr.o
        32          0          0          0          0         68   llushr.o
        36          0          0          0          0        108   memseta.o
      2276         86          0          0          0        520   printfa.o
       878         12          0          0          0        216   scanf_fp.o
        24          0          0          0          0         68   strcat.o
        28          0          0          0          0         76   strcmp.o
        18          0          0          0          0         68   strcpy.o
        14          0          0          0          0         68   strlen.o
        36          0          0          0          0         80   strstr.o
       156         12          0          0          0        120   strtod.o
        68          6          0          4          0         80   strtok.o
       112          0          0          0          0         88   strtol.o
        44          0          0          0          0         80   uidiv.o
        98          0          0          0          0         92   uldiv.o
        48          0          0          0          0         68   cdrcmple.o
        56          0          0          0          0         88   d2f.o
       334          0          0          0          0        148   dadd.o
       222          0          0          0          0        100   ddiv.o
       186          0          0          0          0        176   depilogue.o
        48          0          0          0          0         68   dfixul.o
        34          0          0          0          0         76   dflti.o
        24          0          0          0          0         76   dfltul.o
       228          0          0          0          0         96   dmul.o
        46          0          0          0          0         80   dscalb.o
       162          0          0          0          0        100   dsqrt.o
        38          0          0          0          0         68   f2d.o
       176          0          0          0          0        140   fadd.o
       124          0          0          0          0         88   fdiv.o
       110          0          0          0          0        168   fepilogue.o
        50          0          0          0          0         68   ffixi.o
        18          0          0          0          0         68   fflti.o
       100          0          0          0          0         76   fmul.o

    ----------------------------------------------------------------------
      7600        266        296          8          0       5164   Library Totals
         8          0          3          0          0          0   (incl. Padding)

    ----------------------------------------------------------------------

      Code (inc. data)   RO Data    RW Data    ZI Data      Debug   Library Name

      1282        114        160          0          0        804   m_ws.l
      4306        152        133          8          0       2608   mc_w.l
      2004          0          0          0          0       1752   mf_w.l

    ----------------------------------------------------------------------
      7600        266        296          8          0       5164   Library Totals

    ----------------------------------------------------------------------

==============================================================================


      Code (inc. data)   RO Data    RW Data    ZI Data      Debug   

     16812        764        608         32       1408     501228   Grand Totals
     16812        764        608         32       1408     501228   ELF Image Totals
     16812        764        608         32          0          0   ROM Totals

==============================================================================

    Total RO  Size (Code + RO Data)                17420 (  17.01kB)
    Total RW  Size (RW Data + ZI Data)              1440 (   1.41kB)
    Total ROM Size (Code + RO Data + RW Data)      17452 (  17.04kB)

==============================================================================

